<?xml version="1.0" encoding="utf-8"?>
<TestRun id="e710b6ed-e4a2-4bf8-bac8-755f1d20bb3c" name="SYSTEM@PAYTON-LEGION2 2026-09-15 16:58:29" runUser="PAYTON-LEGION2\kingd" xmlns="http://microsoft.com/schemas/VisualStudio/TeamTest/2010">
  <Times creation="2026-09-15T16:58:29.2996577-05:00" queuing="2026-09-15T16:58:29.2996579-05:00" start="2026-09-15T16:58:27.9689009-05:00" finish="2026-09-15T16:58:30.5060556-05:00" />
  <TestSettings name="default" id="53d8a9e2-0554-499f-8fdd-24db4c4ffd0f">
    <Deployment runDeploymentRoot="SYSTEM_PAYTON-LEGION2_2026-09-15_16_58_29" />
  </TestSettings>
  <Results>
    <UnitTestResult executionId="92828a78-5c25-4907-917e-4c0eed24bd0c" testId="7df0fbd1-13b5-904b-e811-c425ae6a0b58" testName="RomM.Client.Tests.CsdbClientTests.GetRelease_parses_webservice_xml" computerName="PAYTON-LEGION2" duration="00:00:00.0047421" startTime="2026-09-15T16:58:29.2898815-05:00" endTime="2026-09-15T16:58:29.2901967-05:00" testType="13cdc9d9-ddb5-4fa4-a97d-d965ccfc6d4b" outcome="Passed" testListId="8c84fa94-04c1-424b-9868-57a2d4851a1d" relativeResultsDirectory="92828a78-5c25-4907-917e-4c0eed24bd0c" />
    <UnitTestResult executionId="d28ea597-07b3-492e-aa01-6102484da927" testId="271f0989-4ed3-00aa-4b15-58c029fac441" testName="RomM.Client.Tests.RomMHttpExceptionMappingTests.RomMScopes_constants_match_OpenApi_password_flow_scopes" computerName="PAYTON-LEGION2" duration="00:00:00.0001728" startTime="2026-09-15T16:58:29.2893754-05:00" endTime="2026-09-15T16:58:29.2894392-05:00" testType="13cdc9d9-ddb5-4fa4-a97d-d965ccfc6d4b" outcome="Passed" testListId="8c84fa94-04c1-424b-9868-57a2d4851a1d" relativeResultsDirectory="d28ea597-07b3-492e-aa01-6102484da927" />
    <UnitTestResult executionId="6f22585a-5ad5-4ad0-9c43-23f758a9426a" testId="bd25e882-4a14-89c1-9eaa-ca5666c469a2" testName="RomM.Client.Tests.CsdbClientTests.Search_limit_over_50_throws_politeness" computerName="PAYTON-LEGION2" duration="00:00:00.0013500" startTime="2026-09-15T16:58:29.2926262-05:00" endTime="2026-09-15T16:58:29.2926894-05:00" testType="13cdc9d9-ddb5-4fa4-a97d-d965ccfc6d4b" outcome="Passed" testListId="8c84fa94-04c1-424b-9868-57a2d4851a1d" relativeResultsDirectory="6f22585a-5ad5-4ad0-9c43-23f758a9426a" />
    <UnitTestResult executionId="a7f7c58a-ad1b-4d28-adb4-eed9c94d2381" testId="ca1f86f1-8514-15ee-f26a-2af71938f104" testName="RomM.Client.Tests.CsdbLibraryOptionsTests.ClampSearchLimit_refuses_over_max" computerName="PAYTON-LEGION2" duration="00:00:00.0019376" startTime="2026-09-15T16:58:29.2821456-05:00" endTime="2026-09-15T16:58:29.2826388-05:00" testType="13cdc9d9-ddb5-4fa4-a97d-d965ccfc6d4b" outcome="Passed" testListId="8c84fa94-04c1-424b-9868-57a2d4851a1d" relativeResultsDirectory="a7f7c58a-ad1b-4d28-adb4-eed9c94d2381" />
    <UnitTestResult executionId="2347f47a-3c58-4f25-9d7a-14cd4bb6cd35" testId="7d3e8733-b663-67cc-4f55-0bc1bc574227" testName="RomM.Client.Tests.CsdbIngestAndWorkflowTests.Ingest_skips_when_exists_unless_force" computerName="PAYTON-LEGION2" duration="00:00:00.0114018" startTime="2026-09-15T16:58:29.2920591-05:00" endTime="2026-09-15T16:58:29.2928560-05:00" testType="13cdc9d9-ddb5-4fa4-a97d-d965ccfc6d4b" outcome="Passed" testListId="8c84fa94-04c1-424b-9868-57a2d4851a1d" relativeResultsDirectory="2347f47a-3c58-4f25-9d7a-14cd4bb6cd35" />
    <UnitTestResult executionId="d2b2b583-6957-4e58-9c36-6b1794c54298" testId="0cf20b9d-63b5-2645-2ff8-7b965acdf3b8" testName="RomM.Client.Tests.OpenApiSnapshotTests.OpenApi_snapshot_file_exists" computerName="PAYTON-LEGION2" duration="00:00:00.0003686" startTime="2026-09-15T16:58:29.2911903-05:00" endTime="2026-09-15T16:58:29.2912752-05:00" testType="13cdc9d9-ddb5-4fa4-a97d-d965ccfc6d4b" outcome="Passed" testListId="8c84fa94-04c1-424b-9868-57a2d4851a1d" relativeResultsDirectory="d2b2b583-6957-4e58-9c36-6b1794c54298" />
    <UnitTestResult executionId="6bcf269b-90a8-4ab8-91e2-ae29f0577feb" testId="34e5d69e-4ef7-9659-7011-a8e426bc1d6e" testName="RomM.Client.Tests.RomMCoreClientTests.Task_status_failed_stopped_canceled_are_terminal_failure(status: &quot;failed&quot;)" computerName="PAYTON-LEGION2" duration="00:00:00.0004279" startTime="2026-09-15T16:58:29.3162580-05:00" endTime="2026-09-15T16:58:29.3164291-05:00" testType="13cdc9d9-ddb5-4fa4-a97d-d965ccfc6d4b" outcome="Passed" testListId="8c84fa94-04c1-424b-9868-57a2d4851a1d" relativeResultsDirectory="6bcf269b-90a8-4ab8-91e2-ae29f0577feb" />
    <UnitTestResult executionId="bb036efb-65aa-4560-9681-146bf5a1f868" testId="c108187f-b38f-f5b6-1ba1-1cb53f731316" testName="RomM.Client.Tests.RomMCoreClientTests.Tasks_Run_Wait_and_ScanLibrary_use_shipped_Tasks_client" computerName="PAYTON-LEGION2" duration="00:00:01.0181088" startTime="2026-09-15T16:58:29.3750165-05:00" endTime="2026-09-15T16:58:30.3936158-05:00" testType="13cdc9d9-ddb5-4fa4-a97d-d965ccfc6d4b" outcome="Passed" testListId="8c84fa94-04c1-424b-9868-57a2d4851a1d" relativeResultsDirectory="bb036efb-65aa-4560-9681-146bf5a1f868" />
    <UnitTestResult executionId="461097d2-2ead-4b37-9b58-6abc15f4a610" testId="e6d01e26-1353-7187-12b9-70d1e8e52055" testName="RomM.Client.Tests.RomMCoreClientTests.Heartbeat_top_level_VERSION_is_not_the_live_contract" computerName="PAYTON-LEGION2" duration="00:00:00.0065790" startTime="2026-09-15T16:58:29.3458588-05:00" endTime="2026-09-15T16:58:29.3523632-05:00" testType="13cdc9d9-ddb5-4fa4-a97d-d965ccfc6d4b" outcome="Passed" testListId="8c84fa94-04c1-424b-9868-57a2d4851a1d" relativeResultsDirectory="461097d2-2ead-4b37-9b58-6abc15f4a610" />
    <UnitTestResult executionId="e4bff9ac-2006-47fc-a32f-8ac6f8be6039" testId="c6f94a02-a424-8ed4-ea52-25c9e342868b" testName="RomM.Client.Tests.RomMHttpExceptionMappingTests.RomMApiException_message_does_not_include_caller_secrets" computerName="PAYTON-LEGION2" duration="00:00:00.0007330" startTime="2026-09-15T16:58:29.2865023-05:00" endTime="2026-09-15T16:58:29.2869064-05:00" testType="13cdc9d9-ddb5-4fa4-a97d-d965ccfc6d4b" outcome="Passed" testListId="8c84fa94-04c1-424b-9868-57a2d4851a1d" relativeResultsDirectory="e4bff9ac-2006-47fc-a32f-8ac6f8be6039" />
    <UnitTestResult executionId="13c020ba-9b11-46ec-8cf7-e567076922e2" testId="aff07656-351f-304c-2570-46facbf848b8" testName="RomM.Client.Tests.CsdbClientTests.Search_parses_fixture_html_and_enforces_limit" computerName="PAYTON-LEGION2" duration="00:00:00.0221741" startTime="2026-09-15T16:58:29.2902820-05:00" endTime="2026-09-15T16:58:29.2923088-05:00" testType="13cdc9d9-ddb5-4fa4-a97d-d965ccfc6d4b" outcome="Passed" testListId="8c84fa94-04c1-424b-9868-57a2d4851a1d" relativeResultsDirectory="13c020ba-9b11-46ec-8cf7-e567076922e2" />
    <UnitTestResult executionId="8b71e601-9940-4333-842a-acedb0fb6cfc" testId="cca9061f-2350-d9e0-7489-1cfca4bea696" testName="RomM.Client.Tests.OpenApiSnapshotTests.OpenApi_snapshot_is_romm_api_5" computerName="PAYTON-LEGION2" duration="00:00:00.0258927" startTime="2026-09-15T16:58:29.2499473-05:00" endTime="2026-09-15T16:58:29.2866174-05:00" testType="13cdc9d9-ddb5-4fa4-a97d-d965ccfc6d4b" outcome="Passed" testListId="8c84fa94-04c1-424b-9868-57a2d4851a1d" relativeResultsDirectory="8b71e601-9940-4333-842a-acedb0fb6cfc" />
    <UnitTestResult executionId="6989a8fe-5fcd-4bd6-af37-abe4c7f4f99e" testId="cab53d99-778b-8f9c-22fe-9eca49f35681" testName="RomM.Client.Tests.CsdbLibraryOptionsTests.Validate_succeeds_with_defaults" computerName="PAYTON-LEGION2" duration="00:00:00.0061135" startTime="2026-09-15T16:58:29.2828282-05:00" endTime="2026-09-15T16:58:29.2857741-05:00" testType="13cdc9d9-ddb5-4fa4-a97d-d965ccfc6d4b" outcome="Passed" testListId="8c84fa94-04c1-424b-9868-57a2d4851a1d" relativeResultsDirectory="6989a8fe-5fcd-4bd6-af37-abe4c7f4f99e" />
    <UnitTestResult executionId="6c289147-b6cb-45cc-b06a-8e230467a67f" testId="a1f716a5-f1c9-cf69-63a7-7446a7602535" testName="RomM.Client.Tests.RomMHttpExceptionMappingTests.EnsureSuccess_maps_403_to_RomMForbiddenException" computerName="PAYTON-LEGION2" duration="00:00:00.0254538" startTime="2026-09-15T16:58:29.2465529-05:00" endTime="2026-09-15T16:58:29.2863024-05:00" testType="13cdc9d9-ddb5-4fa4-a97d-d965ccfc6d4b" outcome="Passed" testListId="8c84fa94-04c1-424b-9868-57a2d4851a1d" relativeResultsDirectory="6c289147-b6cb-45cc-b06a-8e230467a67f" />
    <UnitTestResult executionId="7c20d297-27fc-40f4-8a71-81bfbfe86928" testId="a58f0770-ea18-f648-d614-bf00fed1abe0" testName="RomM.Client.Tests.OpenApiSnapshotTests.OpenApi_path_inventory_has_at_least_100_paths" computerName="PAYTON-LEGION2" duration="00:00:00.0126038" startTime="2026-09-15T16:58:29.2915114-05:00" endTime="2026-09-15T16:58:29.2921339-05:00" testType="13cdc9d9-ddb5-4fa4-a97d-d965ccfc6d4b" outcome="Passed" testListId="8c84fa94-04c1-424b-9868-57a2d4851a1d" relativeResultsDirectory="7c20d297-27fc-40f4-8a71-81bfbfe86928" />
    <UnitTestResult executionId="4b226eb2-2599-42da-808c-185bdedec1b3" testId="5e9a813e-bb02-a670-23a5-a9af21b95c10" testName="RomM.Client.Tests.CsdbIngestAndWorkflowTests.Ingest_empty_selection_throws" computerName="PAYTON-LEGION2" duration="00:00:00.0013036" startTime="2026-09-15T16:58:29.2917979-05:00" endTime="2026-09-15T16:58:29.2918733-05:00" testType="13cdc9d9-ddb5-4fa4-a97d-d965ccfc6d4b" outcome="Passed" testListId="8c84fa94-04c1-424b-9868-57a2d4851a1d" relativeResultsDirectory="4b226eb2-2599-42da-808c-185bdedec1b3" />
    <UnitTestResult executionId="62edb1f1-2aea-4a15-ace4-c4034721643f" testId="14fae250-4f34-2b6a-6197-91dca59d5b59" testName="RomM.Client.Tests.RomMAuthHandlerTests.Basic_attaches_Basic_Authorization" computerName="PAYTON-LEGION2" duration="00:00:00.0011501" startTime="2026-09-15T16:58:29.3324129-05:00" endTime="2026-09-15T16:58:29.3329074-05:00" testType="13cdc9d9-ddb5-4fa4-a97d-d965ccfc6d4b" outcome="Passed" testListId="8c84fa94-04c1-424b-9868-57a2d4851a1d" relativeResultsDirectory="62edb1f1-2aea-4a15-ace4-c4034721643f" />
    <UnitTestResult executionId="af36482e-83cf-4043-b6f0-2ab7d4cfea88" testId="f6519dd6-540d-8a55-c14b-3fec552d33b0" testName="RomM.Client.Tests.RomMAuthHandlerTests.OAuthPassword_grants_token_stores_and_uses_Bearer" computerName="PAYTON-LEGION2" duration="00:00:00.0028222" startTime="2026-09-15T16:58:29.3290141-05:00" endTime="2026-09-15T16:58:29.3316800-05:00" testType="13cdc9d9-ddb5-4fa4-a97d-d965ccfc6d4b" outcome="Passed" testListId="8c84fa94-04c1-424b-9868-57a2d4851a1d" relativeResultsDirectory="af36482e-83cf-4043-b6f0-2ab7d4cfea88" />
    <UnitTestResult executionId="0770ad20-fa3e-4a3e-b00c-199e2de8f81b" testId="a77fb601-c893-c005-a183-15b20b67de51" testName="RomM.Client.Tests.RomMAuthHandlerTests.OAuth_does_not_post_secrets_to_foreign_host" computerName="PAYTON-LEGION2" duration="00:00:00.0020588" startTime="2026-09-15T16:58:29.3253368-05:00" endTime="2026-09-15T16:58:29.3272238-05:00" testType="13cdc9d9-ddb5-4fa4-a97d-d965ccfc6d4b" outcome="Passed" testListId="8c84fa94-04c1-424b-9868-57a2d4851a1d" relativeResultsDirectory="0770ad20-fa3e-4a3e-b00c-199e2de8f81b" />
    <UnitTestResult executionId="849f6ab7-a766-48b3-8951-d87571833b17" testId="f610abda-5016-d935-7693-fd5f5f97291f" testName="RomM.Client.Tests.CsdbClientTests.Rate_limiter_delays_second_request" computerName="PAYTON-LEGION2" duration="00:00:00.0256778" startTime="2026-09-15T16:58:29.2825668-05:00" endTime="2026-09-15T16:58:29.2897815-05:00" testType="13cdc9d9-ddb5-4fa4-a97d-d965ccfc6d4b" outcome="Passed" testListId="8c84fa94-04c1-424b-9868-57a2d4851a1d" relativeResultsDirectory="849f6ab7-a766-48b3-8951-d87571833b17" />
    <UnitTestResult executionId="ef51d28d-94bb-4f83-9296-3c8e5ed074d6" testId="14f614e6-ce92-54c6-ca9f-9d4ddbdc7cfd" testName="RomM.Client.Tests.OpenApiCoverageTests.Unknown_api_path_is_not_auto_covered" computerName="PAYTON-LEGION2" duration="00:00:00.0092609" startTime="2026-09-15T16:58:29.2500525-05:00" endTime="2026-09-15T16:58:29.2610500-05:00" testType="13cdc9d9-ddb5-4fa4-a97d-d965ccfc6d4b" outcome="Passed" testListId="8c84fa94-04c1-424b-9868-57a2d4851a1d" relativeResultsDirectory="ef51d28d-94bb-4f83-9296-3c8e5ed074d6" />
    <UnitTestResult executionId="3f8a2997-0a12-4748-ba87-04ce6beda880" testId="071996c3-dec4-df94-5041-5dfe455bc964" testName="RomM.Client.Tests.RomMCoreClientTests.Task_status_failed_stopped_canceled_are_terminal_failure(status: &quot;canceled&quot;)" computerName="PAYTON-LEGION2" duration="00:00:00.0000738" startTime="2026-09-15T16:58:29.3166049-05:00" endTime="2026-09-15T16:58:29.3166828-05:00" testType="13cdc9d9-ddb5-4fa4-a97d-d965ccfc6d4b" outcome="Passed" testListId="8c84fa94-04c1-424b-9868-57a2d4851a1d" relativeResultsDirectory="3f8a2997-0a12-4748-ba87-04ce6beda880" />
    <UnitTestResult executionId="2a9cca00-fd88-4d57-a11d-9ff469355977" testId="4f9323ac-8348-0112-f75a-660d6e755ab4" testName="RomM.Client.Tests.CsdbIngestAndWorkflowTests.Ingest_writes_only_under_c64_with_csdb_tag" computerName="PAYTON-LEGION2" duration="00:00:00.0544129" startTime="2026-09-15T16:58:29.2497622-05:00" endTime="2026-09-15T16:58:29.2915931-05:00" testType="13cdc9d9-ddb5-4fa4-a97d-d965ccfc6d4b" outcome="Passed" testListId="8c84fa94-04c1-424b-9868-57a2d4851a1d" relativeResultsDirectory="2a9cca00-fd88-4d57-a11d-9ff469355977" />
    <UnitTestResult executionId="9b5a6685-43f7-4229-a4d2-85a297435cfe" testId="11c41a4f-c2c1-c14a-834e-d221868aac50" testName="RomM.Client.Tests.RomMAuthHandlerTests.RomMClientOptions_can_hold_Auth_and_Validate_still_requires_BaseAddress" computerName="PAYTON-LEGION2" duration="00:00:00.0042394" startTime="2026-09-15T16:58:29.3192377-05:00" endTime="2026-09-15T16:58:29.3232600-05:00" testType="13cdc9d9-ddb5-4fa4-a97d-d965ccfc6d4b" outcome="Passed" testListId="8c84fa94-04c1-424b-9868-57a2d4851a1d" relativeResultsDirectory="9b5a6685-43f7-4229-a4d2-85a297435cfe" />
    <UnitTestResult executionId="6ac8f94e-3cce-427f-bdb2-4d6a880a1d14" testId="5fdef6ad-4558-dc9f-8b3d-95aa79defca3" testName="RomM.Client.Tests.RomMAuthHandlerTests.ClientApiToken_attaches_Bearer_Authorization" computerName="PAYTON-LEGION2" duration="00:00:00.0016933" startTime="2026-09-15T16:58:29.3236147-05:00" endTime="2026-09-15T16:58:29.3250446-05:00" testType="13cdc9d9-ddb5-4fa4-a97d-d965ccfc6d4b" outcome="Passed" testListId="8c84fa94-04c1-424b-9868-57a2d4851a1d" relativeResultsDirectory="6ac8f94e-3cce-427f-bdb2-4d6a880a1d14" />
    <UnitTestResult executionId="26ea5e31-5ee5-40ba-a7d9-0d62b846b770" testId="a03d8df2-a338-61e3-84a9-d49273ca4fcc" testName="RomM.Client.Tests.RomMCoreClientTests.Heartbeat_deserializes_via_shipped_client" computerName="PAYTON-LEGION2" duration="00:00:00.0084531" startTime="2026-09-15T16:58:29.3664386-05:00" endTime="2026-09-15T16:58:29.3748192-05:00" testType="13cdc9d9-ddb5-4fa4-a97d-d965ccfc6d4b" outcome="Passed" testListId="8c84fa94-04c1-424b-9868-57a2d4851a1d" relativeResultsDirectory="26ea5e31-5ee5-40ba-a7d9-0d62b846b770" />
    <UnitTestResult executionId="8e3a65ba-f5b6-4bc3-ad9b-c31e2a1084a3" testId="abbeb7f1-319b-e626-bcf2-2726e1144c15" testName="RomM.Client.Tests.RomMCoreClientTests.Task_status_finished_is_terminal_success" computerName="PAYTON-LEGION2" duration="00:00:00.0017499" startTime="2026-09-15T16:58:29.3441188-05:00" endTime="2026-09-15T16:58:29.3456564-05:00" testType="13cdc9d9-ddb5-4fa4-a97d-d965ccfc6d4b" outcome="Passed" testListId="8c84fa94-04c1-424b-9868-57a2d4851a1d" relativeResultsDirectory="8e3a65ba-f5b6-4bc3-ad9b-c31e2a1084a3" />
    <UnitTestResult executionId="c1a55d1a-6309-4016-8ccf-ae0a7b0a8bf3" testId="8e1673ef-6d8a-da1c-7538-54aedf9c3e7b" testName="RomM.Client.Tests.RomMCoreClientTests.Transport_SendAsync_maps_401_via_shipped_pipeline" computerName="PAYTON-LEGION2" duration="00:00:00.0014848" startTime="2026-09-15T16:58:29.3648408-05:00" endTime="2026-09-15T16:58:29.3662304-05:00" testType="13cdc9d9-ddb5-4fa4-a97d-d965ccfc6d4b" outcome="Passed" testListId="8c84fa94-04c1-424b-9868-57a2d4851a1d" relativeResultsDirectory="c1a55d1a-6309-4016-8ccf-ae0a7b0a8bf3" />
    <UnitTestResult executionId="66f899b8-d93e-4725-a93f-d2c797294611" testId="193e8904-0409-5d86-1732-ecbab33fbc26" testName="RomM.Client.Tests.RomMCoreClientTests.Task_status_failed_stopped_canceled_are_terminal_failure(status: &quot;stopped&quot;)" computerName="PAYTON-LEGION2" duration="00:00:00.0117117" startTime="2026-09-15T16:58:29.3044183-05:00" endTime="2026-09-15T16:58:29.3159807-05:00" testType="13cdc9d9-ddb5-4fa4-a97d-d965ccfc6d4b" outcome="Passed" testListId="8c84fa94-04c1-424b-9868-57a2d4851a1d" relativeResultsDirectory="66f899b8-d93e-4725-a93f-d2c797294611" />
    <UnitTestResult executionId="720acc65-d33b-42a1-b9f8-4f6be4a68f93" testId="198ee733-ca1e-6891-8b8a-b2567566f718" testName="RomM.Client.Tests.CsdbIngestAndWorkflowTests.Ingest_over_MaxIngestBatch_throws" computerName="PAYTON-LEGION2" duration="00:00:00.0035034" startTime="2026-09-15T16:58:29.2929616-05:00" endTime="2026-09-15T16:58:29.2929989-05:00" testType="13cdc9d9-ddb5-4fa4-a97d-d965ccfc6d4b" outcome="Passed" testListId="8c84fa94-04c1-424b-9868-57a2d4851a1d" relativeResultsDirectory="720acc65-d33b-42a1-b9f8-4f6be4a68f93" />
    <UnitTestResult executionId="55e3a516-00c9-4d1c-96fd-e6f1fa563385" testId="cfa47840-193d-7321-d125-433d8aaf75b0" testName="RomM.Client.Tests.RomMCoreClientTests.Roms_Get_returns_detail_and_404" computerName="PAYTON-LEGION2" duration="00:00:00.0079748" startTime="2026-09-15T16:58:29.3568384-05:00" endTime="2026-09-15T16:58:29.3646369-05:00" testType="13cdc9d9-ddb5-4fa4-a97d-d965ccfc6d4b" outcome="Passed" testListId="8c84fa94-04c1-424b-9868-57a2d4851a1d" relativeResultsDirectory="55e3a516-00c9-4d1c-96fd-e6f1fa563385" />
    <UnitTestResult executionId="bd5e4d06-7e4e-4cdc-be46-ef1a3a0b0dc0" testId="f550a624-c01b-1c0b-843e-eb95533c2f7d" testName="RomM.Client.Tests.RomMAuthHandlerTests.OAuthPassword_reuses_valid_stored_token_without_grant" computerName="PAYTON-LEGION2" duration="00:00:00.0014153" startTime="2026-09-15T16:58:29.3275093-05:00" endTime="2026-09-15T16:58:29.3287186-05:00" testType="13cdc9d9-ddb5-4fa4-a97d-d965ccfc6d4b" outcome="Passed" testListId="8c84fa94-04c1-424b-9868-57a2d4851a1d" relativeResultsDirectory="bd5e4d06-7e4e-4cdc-be46-ef1a3a0b0dc0" />
    <UnitTestResult executionId="d067f854-ef54-4fd7-9b67-12eaa29562ed" testId="0cfd7d28-6208-8120-a4fb-6ff49163aadd" testName="RomM.Client.Tests.RomMCoreClientTests.Platforms_List_and_Get_use_shipped_clients" computerName="PAYTON-LEGION2" duration="00:00:00.1061900" startTime="2026-09-15T16:58:29.2500218-05:00" endTime="2026-09-15T16:58:29.3041261-05:00" testType="13cdc9d9-ddb5-4fa4-a97d-d965ccfc6d4b" outcome="Passed" testListId="8c84fa94-04c1-424b-9868-57a2d4851a1d" relativeResultsDirectory="d067f854-ef54-4fd7-9b67-12eaa29562ed" />
    <UnitTestResult executionId="6716d83a-8aa6-4dcc-b284-ee5847a7d98d" testId="bca5fe18-c232-a97a-dd14-20c61833177c" testName="RomM.Client.Tests.OpenApiCoverageTests.IRomMClient_exposes_core_entry_points" computerName="PAYTON-LEGION2" duration="00:00:00.0004201" startTime="2026-09-15T16:58:29.2725590-05:00" endTime="2026-09-15T16:58:29.2732831-05:00" testType="13cdc9d9-ddb5-4fa4-a97d-d965ccfc6d4b" outcome="Passed" testListId="8c84fa94-04c1-424b-9868-57a2d4851a1d" relativeResultsDirectory="6716d83a-8aa6-4dcc-b284-ee5847a7d98d" />
    <UnitTestResult executionId="779ae66d-9c4d-4fc2-926e-1df32d12d78a" testId="77082fb8-5fdb-aa16-ef52-1ddc27870671" testName="RomM.Client.Tests.RomListQueryTests.ToQueryString_encodes_search_platform_limit_offset" computerName="PAYTON-LEGION2" duration="00:00:00.0093201" startTime="2026-09-15T16:58:29.2499218-05:00" endTime="2026-09-15T16:58:29.2612111-05:00" testType="13cdc9d9-ddb5-4fa4-a97d-d965ccfc6d4b" outcome="Passed" testListId="8c84fa94-04c1-424b-9868-57a2d4851a1d" relativeResultsDirectory="779ae66d-9c4d-4fc2-926e-1df32d12d78a" />
    <UnitTestResult executionId="f7c25b32-daa1-4133-b0d4-0fd0824281b4" testId="b2855893-95a7-5166-7859-75150f42f6b6" testName="RomM.Client.Tests.CsdbIngestAndWorkflowTests.Sid_ingest_uses_HVSC_when_present" computerName="PAYTON-LEGION2" duration="00:00:00.0168739" startTime="2026-09-15T16:58:29.3213336-05:00" endTime="2026-09-15T16:58:29.3382370-05:00" testType="13cdc9d9-ddb5-4fa4-a97d-d965ccfc6d4b" outcome="Passed" testListId="8c84fa94-04c1-424b-9868-57a2d4851a1d" relativeResultsDirectory="f7c25b32-daa1-4133-b0d4-0fd0824281b4" />
    <UnitTestResult executionId="a8e362dc-1d69-415f-9698-82588cd590e3" testId="202fcb21-c987-9c7e-2170-05364cdbf495" testName="RomM.Client.Tests.RomMCoreClientTests.DownloadContent_uses_ResponseHeadersRead_path" computerName="PAYTON-LEGION2" duration="00:00:00.0033016" startTime="2026-09-15T16:58:29.3408761-05:00" endTime="2026-09-15T16:58:29.3438362-05:00" testType="13cdc9d9-ddb5-4fa4-a97d-d965ccfc6d4b" outcome="Passed" testListId="8c84fa94-04c1-424b-9868-57a2d4851a1d" relativeResultsDirectory="a8e362dc-1d69-415f-9698-82588cd590e3" />
    <UnitTestResult executionId="aa313376-f4c3-441b-a377-3aa045dd07bf" testId="646ac50d-8b85-75fa-6e1a-0e1210952916" testName="RomM.Client.Tests.CsdbLibraryOptionsTests.ClampSearchLimit_accepts_within_max" computerName="PAYTON-LEGION2" duration="00:00:00.0002156" startTime="2026-09-15T16:58:29.2860496-05:00" endTime="2026-09-15T16:58:29.2861324-05:00" testType="13cdc9d9-ddb5-4fa4-a97d-d965ccfc6d4b" outcome="Passed" testListId="8c84fa94-04c1-424b-9868-57a2d4851a1d" relativeResultsDirectory="aa313376-f4c3-441b-a377-3aa045dd07bf" />
    <UnitTestResult executionId="10477a80-40e1-4611-8e06-06ffe7fda498" testId="41650140-8897-de79-90cf-b7fec7552639" testName="RomM.Client.Tests.RomMClientOptionsTests.Validate_normalizes_BaseAddress_trailing_slash" computerName="PAYTON-LEGION2" duration="00:00:00.0002746" startTime="2026-09-15T16:58:29.2732427-05:00" endTime="2026-09-15T16:58:29.2735593-05:00" testType="13cdc9d9-ddb5-4fa4-a97d-d965ccfc6d4b" outcome="Passed" testListId="8c84fa94-04c1-424b-9868-57a2d4851a1d" relativeResultsDirectory="10477a80-40e1-4611-8e06-06ffe7fda498" />
    <UnitTestResult executionId="f4bcfd04-a669-4c3e-a491-627e7790411d" testId="64c0160a-f13c-ff39-1c95-5c484fda45cf" testName="RomM.Client.Tests.RomMHttpExceptionMappingTests.EnsureSuccess_maps_other_errors_to_RomMApiException" computerName="PAYTON-LEGION2" duration="00:00:00.0021223" startTime="2026-09-15T16:58:29.2900016-05:00" endTime="2026-09-15T16:58:29.2901230-05:00" testType="13cdc9d9-ddb5-4fa4-a97d-d965ccfc6d4b" outcome="Passed" testListId="8c84fa94-04c1-424b-9868-57a2d4851a1d" relativeResultsDirectory="f4bcfd04-a669-4c3e-a491-627e7790411d" />
    <UnitTestResult executionId="552f20a3-e19d-4946-9639-d39e0e7db4f6" testId="cbb0adce-54be-7697-6562-801a14037c0d" testName="RomM.Client.Tests.RomMHttpExceptionMappingTests.EnsureSuccess_maps_401_to_RomMAuthException" computerName="PAYTON-LEGION2" duration="00:00:00.0016029" startTime="2026-09-15T16:58:29.2897437-05:00" endTime="2026-09-15T16:58:29.2899161-05:00" testType="13cdc9d9-ddb5-4fa4-a97d-d965ccfc6d4b" outcome="Passed" testListId="8c84fa94-04c1-424b-9868-57a2d4851a1d" relativeResultsDirectory="552f20a3-e19d-4946-9639-d39e0e7db4f6" />
    <UnitTestResult executionId="b4ee6169-eb2f-45b5-8945-7c506cef46ff" testId="8885f119-3620-ab4e-8187-6241258ff743" testName="RomM.Client.Tests.RomMCoreClientTests.Enumerate_continues_when_total_is_omitted" computerName="PAYTON-LEGION2" duration="00:00:00.0150705" startTime="2026-09-15T16:58:29.3168612-05:00" endTime="2026-09-15T16:58:29.3319467-05:00" testType="13cdc9d9-ddb5-4fa4-a97d-d965ccfc6d4b" outcome="Passed" testListId="8c84fa94-04c1-424b-9868-57a2d4851a1d" relativeResultsDirectory="b4ee6169-eb2f-45b5-8945-7c506cef46ff" />
    <UnitTestResult executionId="cc964f5e-0804-4db5-bec1-b5f79a8e441c" testId="d258e795-f9e1-65e0-4054-42ea32f4319d" testName="RomM.Client.Tests.RomMCoreClientTests.Enumerate_does_not_yield_after_cancellation" computerName="PAYTON-LEGION2" duration="00:00:00.0040710" startTime="2026-09-15T16:58:29.3525498-05:00" endTime="2026-09-15T16:58:29.3565538-05:00" testType="13cdc9d9-ddb5-4fa4-a97d-d965ccfc6d4b" outcome="Passed" testListId="8c84fa94-04c1-424b-9868-57a2d4851a1d" relativeResultsDirectory="cc964f5e-0804-4db5-bec1-b5f79a8e441c" />
    <UnitTestResult executionId="47728838-4c52-4478-85e3-4eb3a15ec2b9" testId="dc00959c-3448-b4f8-9bad-42c8fec17993" testName="RomM.Client.Tests.RomMCoreClientTests.Roms_List_builds_query_and_Enumerate_stops" computerName="PAYTON-LEGION2" duration="00:00:00.0086205" startTime="2026-09-15T16:58:29.3322724-05:00" endTime="2026-09-15T16:58:29.3405867-05:00" testType="13cdc9d9-ddb5-4fa4-a97d-d965ccfc6d4b" outcome="Passed" testListId="8c84fa94-04c1-424b-9868-57a2d4851a1d" relativeResultsDirectory="47728838-4c52-4478-85e3-4eb3a15ec2b9" />
    <UnitTestResult executionId="a54a339b-874d-4114-9e89-8d1fe9c70591" testId="5faa81d5-7ec0-9db9-956b-48dc6f211ac3" testName="RomM.Client.Tests.RomMClientOptionsTests.Validate_throws_when_BaseAddress_missing" computerName="PAYTON-LEGION2" duration="00:00:00.0091886" startTime="2026-09-15T16:58:29.2500868-05:00" endTime="2026-09-15T16:58:29.2542001-05:00" testType="13cdc9d9-ddb5-4fa4-a97d-d965ccfc6d4b" outcome="Passed" testListId="8c84fa94-04c1-424b-9868-57a2d4851a1d" relativeResultsDirectory="a54a339b-874d-4114-9e89-8d1fe9c70591" />
    <UnitTestResult executionId="cba1baeb-cbe1-4202-9fa1-22be9ed7aa32" testId="6020f0e6-7af5-1fd3-91e4-28f539975b8a" testName="RomM.Client.Tests.RomMHttpExceptionMappingTests.EnsureSuccess_does_not_throw_on_2xx" computerName="PAYTON-LEGION2" duration="00:00:00.0153156" startTime="2026-09-15T16:58:29.2895978-05:00" endTime="2026-09-15T16:58:29.2896365-05:00" testType="13cdc9d9-ddb5-4fa4-a97d-d965ccfc6d4b" outcome="Passed" testListId="8c84fa94-04c1-424b-9868-57a2d4851a1d" relativeResultsDirectory="cba1baeb-cbe1-4202-9fa1-22be9ed7aa32" />
    <UnitTestResult executionId="dd0ef8a5-ee8a-4a57-ab5f-f2f39e7c1726" testId="7abb677c-4840-2413-908f-c6a5e239e14a" testName="RomM.Client.Tests.CsdbLibraryOptionsTests.Validate_enforces_MaxSearchLimit_ceiling_of_50" computerName="PAYTON-LEGION2" duration="00:00:00.0092363" startTime="2026-09-15T16:58:29.2498805-05:00" endTime="2026-09-15T16:58:29.2611873-05:00" testType="13cdc9d9-ddb5-4fa4-a97d-d965ccfc6d4b" outcome="Passed" testListId="8c84fa94-04c1-424b-9868-57a2d4851a1d" relativeResultsDirectory="dd0ef8a5-ee8a-4a57-ab5f-f2f39e7c1726" />
    <UnitTestResult executionId="00cba4d7-776a-47ff-88fd-6d64bea332dd" testId="4e6c0451-7c16-ba88-b7ec-a576c21b51c1" testName="RomM.Client.Tests.CsdbClientTests.Classifier_always_uses_c64_platform_and_tags" computerName="PAYTON-LEGION2" duration="00:00:00.0172010" startTime="2026-09-15T16:58:29.2499709-05:00" endTime="2026-09-15T16:58:29.2822310-05:00" testType="13cdc9d9-ddb5-4fa4-a97d-d965ccfc6d4b" outcome="Passed" testListId="8c84fa94-04c1-424b-9868-57a2d4851a1d" relativeResultsDirectory="00cba4d7-776a-47ff-88fd-6d64bea332dd" />
    <UnitTestResult executionId="43e6d7e8-8635-41ce-857b-cce0ad598e47" testId="3fd0ee22-6728-05ef-42df-af1de47b1061" testName="RomM.Client.Tests.CsdbIngestAndWorkflowTests.Workflow_scans_only_after_successful_ingest" computerName="PAYTON-LEGION2" duration="00:00:00.0419041" startTime="2026-09-15T16:58:29.2930849-05:00" endTime="2026-09-15T16:58:29.3201903-05:00" testType="13cdc9d9-ddb5-4fa4-a97d-d965ccfc6d4b" outcome="Passed" testListId="8c84fa94-04c1-424b-9868-57a2d4851a1d" relativeResultsDirectory="43e6d7e8-8635-41ce-857b-cce0ad598e47" />
    <UnitTestResult executionId="03d8dc33-50b2-41bc-9ce4-b7d96f322307" testId="e291397b-ec5c-2c82-8634-5221bfe87479" testName="RomM.Client.Tests.RomMAuthHandlerTests.OAuthPassword_refresh_failure_throws_RomMAuthException" computerName="PAYTON-LEGION2" duration="00:00:00.0102426" startTime="2026-09-15T16:58:29.3088877-05:00" endTime="2026-09-15T16:58:29.3189192-05:00" testType="13cdc9d9-ddb5-4fa4-a97d-d965ccfc6d4b" outcome="Passed" testListId="8c84fa94-04c1-424b-9868-57a2d4851a1d" relativeResultsDirectory="03d8dc33-50b2-41bc-9ce4-b7d96f322307" />
    <UnitTestResult executionId="1de4287a-07e6-4d5d-ae59-71c01535511f" testId="ef663119-7730-593e-e1fb-9ad8c6bca612" testName="RomM.Client.Tests.RomMAuthHandlerTests.ClientApiToken_does_not_attach_to_foreign_host" computerName="PAYTON-LEGION2" duration="00:00:00.0009057" startTime="2026-09-15T16:58:29.3331662-05:00" endTime="2026-09-15T16:58:29.3338969-05:00" testType="13cdc9d9-ddb5-4fa4-a97d-d965ccfc6d4b" outcome="Passed" testListId="8c84fa94-04c1-424b-9868-57a2d4851a1d" relativeResultsDirectory="1de4287a-07e6-4d5d-ae59-71c01535511f" />
    <UnitTestResult executionId="1b5ab99d-042e-43e1-9f9a-b7299d98a4c6" testId="2f8b26ae-62b8-668b-07f8-e501a5c52d9a" testName="RomM.Client.Tests.CsdbLibraryOptionsTests.Validate_throws_when_LibraryRomsRoot_missing" computerName="PAYTON-LEGION2" duration="00:00:00.0004656" startTime="2026-09-15T16:58:29.2726332-05:00" endTime="2026-09-15T16:58:29.2734337-05:00" testType="13cdc9d9-ddb5-4fa4-a97d-d965ccfc6d4b" outcome="Passed" testListId="8c84fa94-04c1-424b-9868-57a2d4851a1d" relativeResultsDirectory="1b5ab99d-042e-43e1-9f9a-b7299d98a4c6" />
    <UnitTestResult executionId="15364dd0-7b7d-4248-b38d-a88056223007" testId="e761ec0c-6034-0b69-1435-06dccb250bec" testName="RomM.Client.Tests.OpenApiCoverageTests.Every_openapi_path_is_typed_or_transport_allowlisted" computerName="PAYTON-LEGION2" duration="00:00:00.0287901" startTime="2026-09-15T16:58:29.2734184-05:00" endTime="2026-09-15T16:58:29.2900349-05:00" testType="13cdc9d9-ddb5-4fa4-a97d-d965ccfc6d4b" outcome="Passed" testListId="8c84fa94-04c1-424b-9868-57a2d4851a1d" relativeResultsDirectory="15364dd0-7b7d-4248-b38d-a88056223007" />
    <UnitTestResult executionId="f7e4d516-4c2b-4c9b-b49a-cf9158005b3c" testId="6c21bf8e-0167-9bbc-c6f5-72ad344ccae5" testName="RomM.Client.Tests.RomMAuthHandlerTests.OAuthPassword_refreshes_when_access_near_expiry" computerName="PAYTON-LEGION2" duration="00:00:00.0105510" startTime="2026-09-15T16:58:29.2993029-05:00" endTime="2026-09-15T16:58:29.3085822-05:00" testType="13cdc9d9-ddb5-4fa4-a97d-d965ccfc6d4b" outcome="Passed" testListId="8c84fa94-04c1-424b-9868-57a2d4851a1d" relativeResultsDirectory="f7e4d516-4c2b-4c9b-b49a-cf9158005b3c" />
    <UnitTestResult executionId="7e1e9fc7-adef-4cd6-aaec-bdcee115ae71" testId="eac8340a-58ba-08fa-3790-92e2c5614e8f" testName="RomM.Client.Tests.OpenApiSnapshotTests.OpenApi_snapshot_has_expected_core_paths" computerName="PAYTON-LEGION2" duration="00:00:00.0303986" startTime="2026-09-15T16:58:29.2868173-05:00" endTime="2026-09-15T16:58:29.2903163-05:00" testType="13cdc9d9-ddb5-4fa4-a97d-d965ccfc6d4b" outcome="Passed" testListId="8c84fa94-04c1-424b-9868-57a2d4851a1d" relativeResultsDirectory="7e1e9fc7-adef-4cd6-aaec-bdcee115ae71" />
    <UnitTestResult executionId="91158a53-0834-4041-9cce-b8d80dc5c255" testId="66ce23ea-70ae-b3ec-8c07-0e64cd589b40" testName="RomM.Client.Tests.RomMAuthHandlerTests.OAuthPassword_relative_expires_reused_on_second_request_without_token_call" computerName="PAYTON-LEGION2" duration="00:00:00.0999348" startTime="2026-09-15T16:58:29.2499947-05:00" endTime="2026-09-15T16:58:29.2978966-05:00" testType="13cdc9d9-ddb5-4fa4-a97d-d965ccfc6d4b" outcome="Passed" testListId="8c84fa94-04c1-424b-9868-57a2d4851a1d" relativeResultsDirectory="91158a53-0834-4041-9cce-b8d80dc5c255" />
    <UnitTestResult executionId="9431fba7-31a2-4f1d-9f32-aaa37510dfcb" testId="7c573812-09fa-a871-f6ab-c67445674832" testName="RomM.Client.Tests.RomMClientOptionsTests.Validate_succeeds_when_BaseAddress_set" computerName="PAYTON-LEGION2" duration="00:00:00.0001561" startTime="2026-09-15T16:58:29.2726005-05:00" endTime="2026-09-15T16:58:29.2727737-05:00" testType="13cdc9d9-ddb5-4fa4-a97d-d965ccfc6d4b" outcome="Passed" testListId="8c84fa94-04c1-424b-9868-57a2d4851a1d" relativeResultsDirectory="9431fba7-31a2-4f1d-9f32-aaa37510dfcb" />
  </Results>
  <TestDefinitions>
    <UnitTest name="RomM.Client.Tests.OpenApiCoverageTests.Unknown_api_path_is_not_auto_covered" storage="f:\github\romm\tests\romm.client.tests\bin\release\net10.0\romm.client.tests.dll" id="14f614e6-ce92-54c6-ca9f-9d4ddbdc7cfd">
      <Execution id="ef51d28d-94bb-4f83-9296-3c8e5ed074d6" />
      <TestMethod codeBase="F:\GitHub\RomM\tests\RomM.Client.Tests\bin\Release\net10.0\RomM.Client.Tests.dll" adapterTypeName="executor://xunit/VsTestRunner3/netcore/" className="RomM.Client.Tests.OpenApiCoverageTests" name="Unknown_api_path_is_not_auto_covered" />
    </UnitTest>
    <UnitTest name="RomM.Client.Tests.OpenApiSnapshotTests.OpenApi_snapshot_is_romm_api_5" storage="f:\github\romm\tests\romm.client.tests\bin\release\net10.0\romm.client.tests.dll" id="cca9061f-2350-d9e0-7489-1cfca4bea696">
      <Execution id="8b71e601-9940-4333-842a-acedb0fb6cfc" />
      <TestMethod codeBase="F:\GitHub\RomM\tests\RomM.Client.Tests\bin\Release\net10.0\RomM.Client.Tests.dll" adapterTypeName="executor://xunit/VsTestRunner3/netcore/" className="RomM.Client.Tests.OpenApiSnapshotTests" name="OpenApi_snapshot_is_romm_api_5" />
    </UnitTest>
    <UnitTest name="RomM.Client.Tests.CsdbLibraryOptionsTests.Validate_throws_when_LibraryRomsRoot_missing" storage="f:\github\romm\tests\romm.client.tests\bin\release\net10.0\romm.client.tests.dll" id="2f8b26ae-62b8-668b-07f8-e501a5c52d9a">
      <Execution id="1b5ab99d-042e-43e1-9f9a-b7299d98a4c6" />
      <TestMethod codeBase="F:\GitHub\RomM\tests\RomM.Client.Tests\bin\Release\net10.0\RomM.Client.Tests.dll" adapterTypeName="executor://xunit/VsTestRunner3/netcore/" className="RomM.Client.Tests.CsdbLibraryOptionsTests" name="Validate_throws_when_LibraryRomsRoot_missing" />
    </UnitTest>
    <UnitTest name="RomM.Client.Tests.RomMAuthHandlerTests.OAuthPassword_refreshes_when_access_near_expiry" storage="f:\github\romm\tests\romm.client.tests\bin\release\net10.0\romm.client.tests.dll" id="6c21bf8e-0167-9bbc-c6f5-72ad344ccae5">
      <Execution id="f7e4d516-4c2b-4c9b-b49a-cf9158005b3c" />
      <TestMethod codeBase="F:\GitHub\RomM\tests\RomM.Client.Tests\bin\Release\net10.0\RomM.Client.Tests.dll" adapterTypeName="executor://xunit/VsTestRunner3/netcore/" className="RomM.Client.Tests.RomMAuthHandlerTests" name="OAuthPassword_refreshes_when_access_near_expiry" />
    </UnitTest>
    <UnitTest name="RomM.Client.Tests.CsdbClientTests.Classifier_always_uses_c64_platform_and_tags" storage="f:\github\romm\tests\romm.client.tests\bin\release\net10.0\romm.client.tests.dll" id="4e6c0451-7c16-ba88-b7ec-a576c21b51c1">
      <Execution id="00cba4d7-776a-47ff-88fd-6d64bea332dd" />
      <TestMethod codeBase="F:\GitHub\RomM\tests\RomM.Client.Tests\bin\Release\net10.0\RomM.Client.Tests.dll" adapterTypeName="executor://xunit/VsTestRunner3/netcore/" className="RomM.Client.Tests.CsdbClientTests" name="Classifier_always_uses_c64_platform_and_tags" />
    </UnitTest>
    <UnitTest name="RomM.Client.Tests.RomMAuthHandlerTests.OAuthPassword_reuses_valid_stored_token_without_grant" storage="f:\github\romm\tests\romm.client.tests\bin\release\net10.0\romm.client.tests.dll" id="f550a624-c01b-1c0b-843e-eb95533c2f7d">
      <Execution id="bd5e4d06-7e4e-4cdc-be46-ef1a3a0b0dc0" />
      <TestMethod codeBase="F:\GitHub\RomM\tests\RomM.Client.Tests\bin\Release\net10.0\RomM.Client.Tests.dll" adapterTypeName="executor://xunit/VsTestRunner3/netcore/" className="RomM.Client.Tests.RomMAuthHandlerTests" name="OAuthPassword_reuses_valid_stored_token_without_grant" />
    </UnitTest>
    <UnitTest name="RomM.Client.Tests.RomMAuthHandlerTests.Basic_attaches_Basic_Authorization" storage="f:\github\romm\tests\romm.client.tests\bin\release\net10.0\romm.client.tests.dll" id="14fae250-4f34-2b6a-6197-91dca59d5b59">
      <Execution id="62edb1f1-2aea-4a15-ace4-c4034721643f" />
      <TestMethod codeBase="F:\GitHub\RomM\tests\RomM.Client.Tests\bin\Release\net10.0\RomM.Client.Tests.dll" adapterTypeName="executor://xunit/VsTestRunner3/netcore/" className="RomM.Client.Tests.RomMAuthHandlerTests" name="Basic_attaches_Basic_Authorization" />
    </UnitTest>
    <UnitTest name="RomM.Client.Tests.RomMCoreClientTests.Roms_List_builds_query_and_Enumerate_stops" storage="f:\github\romm\tests\romm.client.tests\bin\release\net10.0\romm.client.tests.dll" id="dc00959c-3448-b4f8-9bad-42c8fec17993">
      <Execution id="47728838-4c52-4478-85e3-4eb3a15ec2b9" />
      <TestMethod codeBase="F:\GitHub\RomM\tests\RomM.Client.Tests\bin\Release\net10.0\RomM.Client.Tests.dll" adapterTypeName="executor://xunit/VsTestRunner3/netcore/" className="RomM.Client.Tests.RomMCoreClientTests" name="Roms_List_builds_query_and_Enumerate_stops" />
    </UnitTest>
    <UnitTest name="RomM.Client.Tests.RomMClientOptionsTests.Validate_throws_when_BaseAddress_missing" storage="f:\github\romm\tests\romm.client.tests\bin\release\net10.0\romm.client.tests.dll" id="5faa81d5-7ec0-9db9-956b-48dc6f211ac3">
      <Execution id="a54a339b-874d-4114-9e89-8d1fe9c70591" />
      <TestMethod codeBase="F:\GitHub\RomM\tests\RomM.Client.Tests\bin\Release\net10.0\RomM.Client.Tests.dll" adapterTypeName="executor://xunit/VsTestRunner3/netcore/" className="RomM.Client.Tests.RomMClientOptionsTests" name="Validate_throws_when_BaseAddress_missing" />
    </UnitTest>
    <UnitTest name="RomM.Client.Tests.RomMClientOptionsTests.Validate_succeeds_when_BaseAddress_set" storage="f:\github\romm\tests\romm.client.tests\bin\release\net10.0\romm.client.tests.dll" id="7c573812-09fa-a871-f6ab-c67445674832">
      <Execution id="9431fba7-31a2-4f1d-9f32-aaa37510dfcb" />
      <TestMethod codeBase="F:\GitHub\RomM\tests\RomM.Client.Tests\bin\Release\net10.0\RomM.Client.Tests.dll" adapterTypeName="executor://xunit/VsTestRunner3/netcore/" className="RomM.Client.Tests.RomMClientOptionsTests" name="Validate_succeeds_when_BaseAddress_set" />
    </UnitTest>
    <UnitTest name="RomM.Client.Tests.CsdbIngestAndWorkflowTests.Workflow_scans_only_after_successful_ingest" storage="f:\github\romm\tests\romm.client.tests\bin\release\net10.0\romm.client.tests.dll" id="3fd0ee22-6728-05ef-42df-af1de47b1061">
      <Execution id="43e6d7e8-8635-41ce-857b-cce0ad598e47" />
      <TestMethod codeBase="F:\GitHub\RomM\tests\RomM.Client.Tests\bin\Release\net10.0\RomM.Client.Tests.dll" adapterTypeName="executor://xunit/VsTestRunner3/netcore/" className="RomM.Client.Tests.CsdbIngestAndWorkflowTests" name="Workflow_scans_only_after_successful_ingest" />
    </UnitTest>
    <UnitTest name="RomM.Client.Tests.RomMCoreClientTests.Roms_Get_returns_detail_and_404" storage="f:\github\romm\tests\romm.client.tests\bin\release\net10.0\romm.client.tests.dll" id="cfa47840-193d-7321-d125-433d8aaf75b0">
      <Execution id="55e3a516-00c9-4d1c-96fd-e6f1fa563385" />
      <TestMethod codeBase="F:\GitHub\RomM\tests\RomM.Client.Tests\bin\Release\net10.0\RomM.Client.Tests.dll" adapterTypeName="executor://xunit/VsTestRunner3/netcore/" className="RomM.Client.Tests.RomMCoreClientTests" name="Roms_Get_returns_detail_and_404" />
    </UnitTest>
    <UnitTest name="RomM.Client.Tests.RomMAuthHandlerTests.OAuth_does_not_post_secrets_to_foreign_host" storage="f:\github\romm\tests\romm.client.tests\bin\release\net10.0\romm.client.tests.dll" id="a77fb601-c893-c005-a183-15b20b67de51">
      <Execution id="0770ad20-fa3e-4a3e-b00c-199e2de8f81b" />
      <TestMethod codeBase="F:\GitHub\RomM\tests\RomM.Client.Tests\bin\Release\net10.0\RomM.Client.Tests.dll" adapterTypeName="executor://xunit/VsTestRunner3/netcore/" className="RomM.Client.Tests.RomMAuthHandlerTests" name="OAuth_does_not_post_secrets_to_foreign_host" />
    </UnitTest>
    <UnitTest name="RomM.Client.Tests.OpenApiSnapshotTests.OpenApi_snapshot_has_expected_core_paths" storage="f:\github\romm\tests\romm.client.tests\bin\release\net10.0\romm.client.tests.dll" id="eac8340a-58ba-08fa-3790-92e2c5614e8f">
      <Execution id="7e1e9fc7-adef-4cd6-aaec-bdcee115ae71" />
      <TestMethod codeBase="F:\GitHub\RomM\tests\RomM.Client.Tests\bin\Release\net10.0\RomM.Client.Tests.dll" adapterTypeName="executor://xunit/VsTestRunner3/netcore/" className="RomM.Client.Tests.OpenApiSnapshotTests" name="OpenApi_snapshot_has_expected_core_paths" />
    </UnitTest>
    <UnitTest name="RomM.Client.Tests.RomMCoreClientTests.Enumerate_does_not_yield_after_cancellation" storage="f:\github\romm\tests\romm.client.tests\bin\release\net10.0\romm.client.tests.dll" id="d258e795-f9e1-65e0-4054-42ea32f4319d">
      <Execution id="cc964f5e-0804-4db5-bec1-b5f79a8e441c" />
      <TestMethod codeBase="F:\GitHub\RomM\tests\RomM.Client.Tests\bin\Release\net10.0\RomM.Client.Tests.dll" adapterTypeName="executor://xunit/VsTestRunner3/netcore/" className="RomM.Client.Tests.RomMCoreClientTests" name="Enumerate_does_not_yield_after_cancellation" />
    </UnitTest>
    <UnitTest name="RomM.Client.Tests.OpenApiCoverageTests.IRomMClient_exposes_core_entry_points" storage="f:\github\romm\tests\romm.client.tests\bin\release\net10.0\romm.client.tests.dll" id="bca5fe18-c232-a97a-dd14-20c61833177c">
      <Execution id="6716d83a-8aa6-4dcc-b284-ee5847a7d98d" />
      <TestMethod codeBase="F:\GitHub\RomM\tests\RomM.Client.Tests\bin\Release\net10.0\RomM.Client.Tests.dll" adapterTypeName="executor://xunit/VsTestRunner3/netcore/" className="RomM.Client.Tests.OpenApiCoverageTests" name="IRomMClient_exposes_core_entry_points" />
    </UnitTest>
    <UnitTest name="RomM.Client.Tests.CsdbLibraryOptionsTests.Validate_enforces_MaxSearchLimit_ceiling_of_50" storage="f:\github\romm\tests\romm.client.tests\bin\release\net10.0\romm.client.tests.dll" id="7abb677c-4840-2413-908f-c6a5e239e14a">
      <Execution id="dd0ef8a5-ee8a-4a57-ab5f-f2f39e7c1726" />
      <TestMethod codeBase="F:\GitHub\RomM\tests\RomM.Client.Tests\bin\Release\net10.0\RomM.Client.Tests.dll" adapterTypeName="executor://xunit/VsTestRunner3/netcore/" className="RomM.Client.Tests.CsdbLibraryOptionsTests" name="Validate_enforces_MaxSearchLimit_ceiling_of_50" />
    </UnitTest>
    <UnitTest name="RomM.Client.Tests.CsdbIngestAndWorkflowTests.Ingest_over_MaxIngestBatch_throws" storage="f:\github\romm\tests\romm.client.tests\bin\release\net10.0\romm.client.tests.dll" id="198ee733-ca1e-6891-8b8a-b2567566f718">
      <Execution id="720acc65-d33b-42a1-b9f8-4f6be4a68f93" />
      <TestMethod codeBase="F:\GitHub\RomM\tests\RomM.Client.Tests\bin\Release\net10.0\RomM.Client.Tests.dll" adapterTypeName="executor://xunit/VsTestRunner3/netcore/" className="RomM.Client.Tests.CsdbIngestAndWorkflowTests" name="Ingest_over_MaxIngestBatch_throws" />
    </UnitTest>
    <UnitTest name="RomM.Client.Tests.RomMCoreClientTests.Transport_SendAsync_maps_401_via_shipped_pipeline" storage="f:\github\romm\tests\romm.client.tests\bin\release\net10.0\romm.client.tests.dll" id="8e1673ef-6d8a-da1c-7538-54aedf9c3e7b">
      <Execution id="c1a55d1a-6309-4016-8ccf-ae0a7b0a8bf3" />
      <TestMethod codeBase="F:\GitHub\RomM\tests\RomM.Client.Tests\bin\Release\net10.0\RomM.Client.Tests.dll" adapterTypeName="executor://xunit/VsTestRunner3/netcore/" className="RomM.Client.Tests.RomMCoreClientTests" name="Transport_SendAsync_maps_401_via_shipped_pipeline" />
    </UnitTest>
    <UnitTest name="RomM.Client.Tests.RomListQueryTests.ToQueryString_encodes_search_platform_limit_offset" storage="f:\github\romm\tests\romm.client.tests\bin\release\net10.0\romm.client.tests.dll" id="77082fb8-5fdb-aa16-ef52-1ddc27870671">
      <Execution id="779ae66d-9c4d-4fc2-926e-1df32d12d78a" />
      <TestMethod codeBase="F:\GitHub\RomM\tests\RomM.Client.Tests\bin\Release\net10.0\RomM.Client.Tests.dll" adapterTypeName="executor://xunit/VsTestRunner3/netcore/" className="RomM.Client.Tests.RomListQueryTests" name="ToQueryString_encodes_search_platform_limit_offset" />
    </UnitTest>
    <UnitTest name="RomM.Client.Tests.CsdbClientTests.Search_parses_fixture_html_and_enforces_limit" storage="f:\github\romm\tests\romm.client.tests\bin\release\net10.0\romm.client.tests.dll" id="aff07656-351f-304c-2570-46facbf848b8">
      <Execution id="13c020ba-9b11-46ec-8cf7-e567076922e2" />
      <TestMethod codeBase="F:\GitHub\RomM\tests\RomM.Client.Tests\bin\Release\net10.0\RomM.Client.Tests.dll" adapterTypeName="executor://xunit/VsTestRunner3/netcore/" className="RomM.Client.Tests.CsdbClientTests" name="Search_parses_fixture_html_and_enforces_limit" />
    </UnitTest>
    <UnitTest name="RomM.Client.Tests.RomMCoreClientTests.Heartbeat_deserializes_via_shipped_client" storage="f:\github\romm\tests\romm.client.tests\bin\release\net10.0\romm.client.tests.dll" id="a03d8df2-a338-61e3-84a9-d49273ca4fcc">
      <Execution id="26ea5e31-5ee5-40ba-a7d9-0d62b846b770" />
      <TestMethod codeBase="F:\GitHub\RomM\tests\RomM.Client.Tests\bin\Release\net10.0\RomM.Client.Tests.dll" adapterTypeName="executor://xunit/VsTestRunner3/netcore/" className="RomM.Client.Tests.RomMCoreClientTests" name="Heartbeat_deserializes_via_shipped_client" />
    </UnitTest>
    <UnitTest name="RomM.Client.Tests.RomMHttpExceptionMappingTests.EnsureSuccess_maps_403_to_RomMForbiddenException" storage="f:\github\romm\tests\romm.client.tests\bin\release\net10.0\romm.client.tests.dll" id="a1f716a5-f1c9-cf69-63a7-7446a7602535">
      <Execution id="6c289147-b6cb-45cc-b06a-8e230467a67f" />
      <TestMethod codeBase="F:\GitHub\RomM\tests\RomM.Client.Tests\bin\Release\net10.0\RomM.Client.Tests.dll" adapterTypeName="executor://xunit/VsTestRunner3/netcore/" className="RomM.Client.Tests.RomMHttpExceptionMappingTests" name="EnsureSuccess_maps_403_to_RomMForbiddenException" />
    </UnitTest>
    <UnitTest name="RomM.Client.Tests.RomMCoreClientTests.Task_status_failed_stopped_canceled_are_terminal_failure(status: &quot;failed&quot;)" storage="f:\github\romm\tests\romm.client.tests\bin\release\net10.0\romm.client.tests.dll" id="34e5d69e-4ef7-9659-7011-a8e426bc1d6e">
      <Execution id="6bcf269b-90a8-4ab8-91e2-ae29f0577feb" />
      <TestMethod codeBase="F:\GitHub\RomM\tests\RomM.Client.Tests\bin\Release\net10.0\RomM.Client.Tests.dll" adapterTypeName="executor://xunit/VsTestRunner3/netcore/" className="RomM.Client.Tests.RomMCoreClientTests" name="Task_status_failed_stopped_canceled_are_terminal_failure" />
    </UnitTest>
    <UnitTest name="RomM.Client.Tests.OpenApiSnapshotTests.OpenApi_path_inventory_has_at_least_100_paths" storage="f:\github\romm\tests\romm.client.tests\bin\release\net10.0\romm.client.tests.dll" id="a58f0770-ea18-f648-d614-bf00fed1abe0">
      <Execution id="7c20d297-27fc-40f4-8a71-81bfbfe86928" />
      <TestMethod codeBase="F:\GitHub\RomM\tests\RomM.Client.Tests\bin\Release\net10.0\RomM.Client.Tests.dll" adapterTypeName="executor://xunit/VsTestRunner3/netcore/" className="RomM.Client.Tests.OpenApiSnapshotTests" name="OpenApi_path_inventory_has_at_least_100_paths" />
    </UnitTest>
    <UnitTest name="RomM.Client.Tests.CsdbClientTests.Search_limit_over_50_throws_politeness" storage="f:\github\romm\tests\romm.client.tests\bin\release\net10.0\romm.client.tests.dll" id="bd25e882-4a14-89c1-9eaa-ca5666c469a2">
      <Execution id="6f22585a-5ad5-4ad0-9c43-23f758a9426a" />
      <TestMethod codeBase="F:\GitHub\RomM\tests\RomM.Client.Tests\bin\Release\net10.0\RomM.Client.Tests.dll" adapterTypeName="executor://xunit/VsTestRunner3/netcore/" className="RomM.Client.Tests.CsdbClientTests" name="Search_limit_over_50_throws_politeness" />
    </UnitTest>
    <UnitTest name="RomM.Client.Tests.CsdbIngestAndWorkflowTests.Ingest_skips_when_exists_unless_force" storage="f:\github\romm\tests\romm.client.tests\bin\release\net10.0\romm.client.tests.dll" id="7d3e8733-b663-67cc-4f55-0bc1bc574227">
      <Execution id="2347f47a-3c58-4f25-9d7a-14cd4bb6cd35" />
      <TestMethod codeBase="F:\GitHub\RomM\tests\RomM.Client.Tests\bin\Release\net10.0\RomM.Client.Tests.dll" adapterTypeName="executor://xunit/VsTestRunner3/netcore/" className="RomM.Client.Tests.CsdbIngestAndWorkflowTests" name="Ingest_skips_when_exists_unless_force" />
    </UnitTest>
    <UnitTest name="RomM.Client.Tests.RomMAuthHandlerTests.RomMClientOptions_can_hold_Auth_and_Validate_still_requires_BaseAddress" storage="f:\github\romm\tests\romm.client.tests\bin\release\net10.0\romm.client.tests.dll" id="11c41a4f-c2c1-c14a-834e-d221868aac50">
      <Execution id="9b5a6685-43f7-4229-a4d2-85a297435cfe" />
      <TestMethod codeBase="F:\GitHub\RomM\tests\RomM.Client.Tests\bin\Release\net10.0\RomM.Client.Tests.dll" adapterTypeName="executor://xunit/VsTestRunner3/netcore/" className="RomM.Client.Tests.RomMAuthHandlerTests" name="RomMClientOptions_can_hold_Auth_and_Validate_still_requires_BaseAddress" />
    </UnitTest>
    <UnitTest name="RomM.Client.Tests.RomMCoreClientTests.Platforms_List_and_Get_use_shipped_clients" storage="f:\github\romm\tests\romm.client.tests\bin\release\net10.0\romm.client.tests.dll" id="0cfd7d28-6208-8120-a4fb-6ff49163aadd">
      <Execution id="d067f854-ef54-4fd7-9b67-12eaa29562ed" />
      <TestMethod codeBase="F:\GitHub\RomM\tests\RomM.Client.Tests\bin\Release\net10.0\RomM.Client.Tests.dll" adapterTypeName="executor://xunit/VsTestRunner3/netcore/" className="RomM.Client.Tests.RomMCoreClientTests" name="Platforms_List_and_Get_use_shipped_clients" />
    </UnitTest>
    <UnitTest name="RomM.Client.Tests.RomMHttpExceptionMappingTests.RomMApiException_message_does_not_include_caller_secrets" storage="f:\github\romm\tests\romm.client.tests\bin\release\net10.0\romm.client.tests.dll" id="c6f94a02-a424-8ed4-ea52-25c9e342868b">
      <Execution id="e4bff9ac-2006-47fc-a32f-8ac6f8be6039" />
      <TestMethod codeBase="F:\GitHub\RomM\tests\RomM.Client.Tests\bin\Release\net10.0\RomM.Client.Tests.dll" adapterTypeName="executor://xunit/VsTestRunner3/netcore/" className="RomM.Client.Tests.RomMHttpExceptionMappingTests" name="RomMApiException_message_does_not_include_caller_secrets" />
    </UnitTest>
    <UnitTest name="RomM.Client.Tests.RomMHttpExceptionMappingTests.EnsureSuccess_does_not_throw_on_2xx" storage="f:\github\romm\tests\romm.client.tests\bin\release\net10.0\romm.client.tests.dll" id="6020f0e6-7af5-1fd3-91e4-28f539975b8a">
      <Execution id="cba1baeb-cbe1-4202-9fa1-22be9ed7aa32" />
      <TestMethod codeBase="F:\GitHub\RomM\tests\RomM.Client.Tests\bin\Release\net10.0\RomM.Client.Tests.dll" adapterTypeName="executor://xunit/VsTestRunner3/netcore/" className="RomM.Client.Tests.RomMHttpExceptionMappingTests" name="EnsureSuccess_does_not_throw_on_2xx" />
    </UnitTest>
    <UnitTest name="RomM.Client.Tests.RomMCoreClientTests.Task_status_failed_stopped_canceled_are_terminal_failure(status: &quot;stopped&quot;)" storage="f:\github\romm\tests\romm.client.tests\bin\release\net10.0\romm.client.tests.dll" id="193e8904-0409-5d86-1732-ecbab33fbc26">
      <Execution id="66f899b8-d93e-4725-a93f-d2c797294611" />
      <TestMethod codeBase="F:\GitHub\RomM\tests\RomM.Client.Tests\bin\Release\net10.0\RomM.Client.Tests.dll" adapterTypeName="executor://xunit/VsTestRunner3/netcore/" className="RomM.Client.Tests.RomMCoreClientTests" name="Task_status_failed_stopped_canceled_are_terminal_failure" />
    </UnitTest>
    <UnitTest name="RomM.Client.Tests.CsdbLibraryOptionsTests.Validate_succeeds_with_defaults" storage="f:\github\romm\tests\romm.client.tests\bin\release\net10.0\romm.client.tests.dll" id="cab53d99-778b-8f9c-22fe-9eca49f35681">
      <Execution id="6989a8fe-5fcd-4bd6-af37-abe4c7f4f99e" />
      <TestMethod codeBase="F:\GitHub\RomM\tests\RomM.Client.Tests\bin\Release\net10.0\RomM.Client.Tests.dll" adapterTypeName="executor://xunit/VsTestRunner3/netcore/" className="RomM.Client.Tests.CsdbLibraryOptionsTests" name="Validate_succeeds_with_defaults" />
    </UnitTest>
    <UnitTest name="RomM.Client.Tests.CsdbIngestAndWorkflowTests.Ingest_empty_selection_throws" storage="f:\github\romm\tests\romm.client.tests\bin\release\net10.0\romm.client.tests.dll" id="5e9a813e-bb02-a670-23a5-a9af21b95c10">
      <Execution id="4b226eb2-2599-42da-808c-185bdedec1b3" />
      <TestMethod codeBase="F:\GitHub\RomM\tests\RomM.Client.Tests\bin\Release\net10.0\RomM.Client.Tests.dll" adapterTypeName="executor://xunit/VsTestRunner3/netcore/" className="RomM.Client.Tests.CsdbIngestAndWorkflowTests" name="Ingest_empty_selection_throws" />
    </UnitTest>
    <UnitTest name="RomM.Client.Tests.RomMHttpExceptionMappingTests.RomMScopes_constants_match_OpenApi_password_flow_scopes" storage="f:\github\romm\tests\romm.client.tests\bin\release\net10.0\romm.client.tests.dll" id="271f0989-4ed3-00aa-4b15-58c029fac441">
      <Execution id="d28ea597-07b3-492e-aa01-6102484da927" />
      <TestMethod codeBase="F:\GitHub\RomM\tests\RomM.Client.Tests\bin\Release\net10.0\RomM.Client.Tests.dll" adapterTypeName="executor://xunit/VsTestRunner3/netcore/" className="RomM.Client.Tests.RomMHttpExceptionMappingTests" name="RomMScopes_constants_match_OpenApi_password_flow_scopes" />
    </UnitTest>
    <UnitTest name="RomM.Client.Tests.CsdbClientTests.GetRelease_parses_webservice_xml" storage="f:\github\romm\tests\romm.client.tests\bin\release\net10.0\romm.client.tests.dll" id="7df0fbd1-13b5-904b-e811-c425ae6a0b58">
      <Execution id="92828a78-5c25-4907-917e-4c0eed24bd0c" />
      <TestMethod codeBase="F:\GitHub\RomM\tests\RomM.Client.Tests\bin\Release\net10.0\RomM.Client.Tests.dll" adapterTypeName="executor://xunit/VsTestRunner3/netcore/" className="RomM.Client.Tests.CsdbClientTests" name="GetRelease_parses_webservice_xml" />
    </UnitTest>
    <UnitTest name="RomM.Client.Tests.OpenApiCoverageTests.Every_openapi_path_is_typed_or_transport_allowlisted" storage="f:\github\romm\tests\romm.client.tests\bin\release\net10.0\romm.client.tests.dll" id="e761ec0c-6034-0b69-1435-06dccb250bec">
      <Execution id="15364dd0-7b7d-4248-b38d-a88056223007" />
      <TestMethod codeBase="F:\GitHub\RomM\tests\RomM.Client.Tests\bin\Release\net10.0\RomM.Client.Tests.dll" adapterTypeName="executor://xunit/VsTestRunner3/netcore/" className="RomM.Client.Tests.OpenApiCoverageTests" name="Every_openapi_path_is_typed_or_transport_allowlisted" />
    </UnitTest>
    <UnitTest name="RomM.Client.Tests.RomMHttpExceptionMappingTests.EnsureSuccess_maps_other_errors_to_RomMApiException" storage="f:\github\romm\tests\romm.client.tests\bin\release\net10.0\romm.client.tests.dll" id="64c0160a-f13c-ff39-1c95-5c484fda45cf">
      <Execution id="f4bcfd04-a669-4c3e-a491-627e7790411d" />
      <TestMethod codeBase="F:\GitHub\RomM\tests\RomM.Client.Tests\bin\Release\net10.0\RomM.Client.Tests.dll" adapterTypeName="executor://xunit/VsTestRunner3/netcore/" className="RomM.Client.Tests.RomMHttpExceptionMappingTests" name="EnsureSuccess_maps_other_errors_to_RomMApiException" />
    </UnitTest>
    <UnitTest name="RomM.Client.Tests.RomMAuthHandlerTests.OAuthPassword_refresh_failure_throws_RomMAuthException" storage="f:\github\romm\tests\romm.client.tests\bin\release\net10.0\romm.client.tests.dll" id="e291397b-ec5c-2c82-8634-5221bfe87479">
      <Execution id="03d8dc33-50b2-41bc-9ce4-b7d96f322307" />
      <TestMethod codeBase="F:\GitHub\RomM\tests\RomM.Client.Tests\bin\Release\net10.0\RomM.Client.Tests.dll" adapterTypeName="executor://xunit/VsTestRunner3/netcore/" className="RomM.Client.Tests.RomMAuthHandlerTests" name="OAuthPassword_refresh_failure_throws_RomMAuthException" />
    </UnitTest>
    <UnitTest name="RomM.Client.Tests.RomMCoreClientTests.DownloadContent_uses_ResponseHeadersRead_path" storage="f:\github\romm\tests\romm.client.tests\bin\release\net10.0\romm.client.tests.dll" id="202fcb21-c987-9c7e-2170-05364cdbf495">
      <Execution id="a8e362dc-1d69-415f-9698-82588cd590e3" />
      <TestMethod codeBase="F:\GitHub\RomM\tests\RomM.Client.Tests\bin\Release\net10.0\RomM.Client.Tests.dll" adapterTypeName="executor://xunit/VsTestRunner3/netcore/" className="RomM.Client.Tests.RomMCoreClientTests" name="DownloadContent_uses_ResponseHeadersRead_path" />
    </UnitTest>
    <UnitTest name="RomM.Client.Tests.RomMCoreClientTests.Heartbeat_top_level_VERSION_is_not_the_live_contract" storage="f:\github\romm\tests\romm.client.tests\bin\release\net10.0\romm.client.tests.dll" id="e6d01e26-1353-7187-12b9-70d1e8e52055">
      <Execution id="461097d2-2ead-4b37-9b58-6abc15f4a610" />
      <TestMethod codeBase="F:\GitHub\RomM\tests\RomM.Client.Tests\bin\Release\net10.0\RomM.Client.Tests.dll" adapterTypeName="executor://xunit/VsTestRunner3/netcore/" className="RomM.Client.Tests.RomMCoreClientTests" name="Heartbeat_top_level_VERSION_is_not_the_live_contract" />
    </UnitTest>
    <UnitTest name="RomM.Client.Tests.CsdbLibraryOptionsTests.ClampSearchLimit_refuses_over_max" storage="f:\github\romm\tests\romm.client.tests\bin\release\net10.0\romm.client.tests.dll" id="ca1f86f1-8514-15ee-f26a-2af71938f104">
      <Execution id="a7f7c58a-ad1b-4d28-adb4-eed9c94d2381" />
      <TestMethod codeBase="F:\GitHub\RomM\tests\RomM.Client.Tests\bin\Release\net10.0\RomM.Client.Tests.dll" adapterTypeName="executor://xunit/VsTestRunner3/netcore/" className="RomM.Client.Tests.CsdbLibraryOptionsTests" name="ClampSearchLimit_refuses_over_max" />
    </UnitTest>
    <UnitTest name="RomM.Client.Tests.RomMAuthHandlerTests.OAuthPassword_grants_token_stores_and_uses_Bearer" storage="f:\github\romm\tests\romm.client.tests\bin\release\net10.0\romm.client.tests.dll" id="f6519dd6-540d-8a55-c14b-3fec552d33b0">
      <Execution id="af36482e-83cf-4043-b6f0-2ab7d4cfea88" />
      <TestMethod codeBase="F:\GitHub\RomM\tests\RomM.Client.Tests\bin\Release\net10.0\RomM.Client.Tests.dll" adapterTypeName="executor://xunit/VsTestRunner3/netcore/" className="RomM.Client.Tests.RomMAuthHandlerTests" name="OAuthPassword_grants_token_stores_and_uses_Bearer" />
    </UnitTest>
    <UnitTest name="RomM.Client.Tests.CsdbClientTests.Rate_limiter_delays_second_request" storage="f:\github\romm\tests\romm.client.tests\bin\release\net10.0\romm.client.tests.dll" id="f610abda-5016-d935-7693-fd5f5f97291f">
      <Execution id="849f6ab7-a766-48b3-8951-d87571833b17" />
      <TestMethod codeBase="F:\GitHub\RomM\tests\RomM.Client.Tests\bin\Release\net10.0\RomM.Client.Tests.dll" adapterTypeName="executor://xunit/VsTestRunner3/netcore/" className="RomM.Client.Tests.CsdbClientTests" name="Rate_limiter_delays_second_request" />
    </UnitTest>
    <UnitTest name="RomM.Client.Tests.RomMCoreClientTests.Tasks_Run_Wait_and_ScanLibrary_use_shipped_Tasks_client" storage="f:\github\romm\tests\romm.client.tests\bin\release\net10.0\romm.client.tests.dll" id="c108187f-b38f-f5b6-1ba1-1cb53f731316">
      <Execution id="bb036efb-65aa-4560-9681-146bf5a1f868" />
      <TestMethod codeBase="F:\GitHub\RomM\tests\RomM.Client.Tests\bin\Release\net10.0\RomM.Client.Tests.dll" adapterTypeName="executor://xunit/VsTestRunner3/netcore/" className="RomM.Client.Tests.RomMCoreClientTests" name="Tasks_Run_Wait_and_ScanLibrary_use_shipped_Tasks_client" />
    </UnitTest>
    <UnitTest name="RomM.Client.Tests.CsdbLibraryOptionsTests.ClampSearchLimit_accepts_within_max" storage="f:\github\romm\tests\romm.client.tests\bin\release\net10.0\romm.client.tests.dll" id="646ac50d-8b85-75fa-6e1a-0e1210952916">
      <Execution id="aa313376-f4c3-441b-a377-3aa045dd07bf" />
      <TestMethod codeBase="F:\GitHub\RomM\tests\RomM.Client.Tests\bin\Release\net10.0\RomM.Client.Tests.dll" adapterTypeName="executor://xunit/VsTestRunner3/netcore/" className="RomM.Client.Tests.CsdbLibraryOptionsTests" name="ClampSearchLimit_accepts_within_max" />
    </UnitTest>
    <UnitTest name="RomM.Client.Tests.CsdbIngestAndWorkflowTests.Ingest_writes_only_under_c64_with_csdb_tag" storage="f:\github\romm\tests\romm.client.tests\bin\release\net10.0\romm.client.tests.dll" id="4f9323ac-8348-0112-f75a-660d6e755ab4">
      <Execution id="2a9cca00-fd88-4d57-a11d-9ff469355977" />
      <TestMethod codeBase="F:\GitHub\RomM\tests\RomM.Client.Tests\bin\Release\net10.0\RomM.Client.Tests.dll" adapterTypeName="executor://xunit/VsTestRunner3/netcore/" className="RomM.Client.Tests.CsdbIngestAndWorkflowTests" name="Ingest_writes_only_under_c64_with_csdb_tag" />
    </UnitTest>
    <UnitTest name="RomM.Client.Tests.RomMAuthHandlerTests.OAuthPassword_relative_expires_reused_on_second_request_without_token_call" storage="f:\github\romm\tests\romm.client.tests\bin\release\net10.0\romm.client.tests.dll" id="66ce23ea-70ae-b3ec-8c07-0e64cd589b40">
      <Execution id="91158a53-0834-4041-9cce-b8d80dc5c255" />
      <TestMethod codeBase="F:\GitHub\RomM\tests\RomM.Client.Tests\bin\Release\net10.0\RomM.Client.Tests.dll" adapterTypeName="executor://xunit/VsTestRunner3/netcore/" className="RomM.Client.Tests.RomMAuthHandlerTests" name="OAuthPassword_relative_expires_reused_on_second_request_without_token_call" />
    </UnitTest>
    <UnitTest name="RomM.Client.Tests.RomMCoreClientTests.Task_status_finished_is_terminal_success" storage="f:\github\romm\tests\romm.client.tests\bin\release\net10.0\romm.client.tests.dll" id="abbeb7f1-319b-e626-bcf2-2726e1144c15">
      <Execution id="8e3a65ba-f5b6-4bc3-ad9b-c31e2a1084a3" />
      <TestMethod codeBase="F:\GitHub\RomM\tests\RomM.Client.Tests\bin\Release\net10.0\RomM.Client.Tests.dll" adapterTypeName="executor://xunit/VsTestRunner3/netcore/" className="RomM.Client.Tests.RomMCoreClientTests" name="Task_status_finished_is_terminal_success" />
    </UnitTest>
    <UnitTest name="RomM.Client.Tests.RomMAuthHandlerTests.ClientApiToken_does_not_attach_to_foreign_host" storage="f:\github\romm\tests\romm.client.tests\bin\release\net10.0\romm.client.tests.dll" id="ef663119-7730-593e-e1fb-9ad8c6bca612">
      <Execution id="1de4287a-07e6-4d5d-ae59-71c01535511f" />
      <TestMethod codeBase="F:\GitHub\RomM\tests\RomM.Client.Tests\bin\Release\net10.0\RomM.Client.Tests.dll" adapterTypeName="executor://xunit/VsTestRunner3/netcore/" className="RomM.Client.Tests.RomMAuthHandlerTests" name="ClientApiToken_does_not_attach_to_foreign_host" />
    </UnitTest>
    <UnitTest name="RomM.Client.Tests.RomMHttpExceptionMappingTests.EnsureSuccess_maps_401_to_RomMAuthException" storage="f:\github\romm\tests\romm.client.tests\bin\release\net10.0\romm.client.tests.dll" id="cbb0adce-54be-7697-6562-801a14037c0d">
      <Execution id="552f20a3-e19d-4946-9639-d39e0e7db4f6" />
      <TestMethod codeBase="F:\GitHub\RomM\tests\RomM.Client.Tests\bin\Release\net10.0\RomM.Client.Tests.dll" adapterTypeName="executor://xunit/VsTestRunner3/netcore/" className="RomM.Client.Tests.RomMHttpExceptionMappingTests" name="EnsureSuccess_maps_401_to_RomMAuthException" />
    </UnitTest>
    <UnitTest name="RomM.Client.Tests.RomMClientOptionsTests.Validate_normalizes_BaseAddress_trailing_slash" storage="f:\github\romm\tests\romm.client.tests\bin\release\net10.0\romm.client.tests.dll" id="41650140-8897-de79-90cf-b7fec7552639">
      <Execution id="10477a80-40e1-4611-8e06-06ffe7fda498" />
      <TestMethod codeBase="F:\GitHub\RomM\tests\RomM.Client.Tests\bin\Release\net10.0\RomM.Client.Tests.dll" adapterTypeName="executor://xunit/VsTestRunner3/netcore/" className="RomM.Client.Tests.RomMClientOptionsTests" name="Validate_normalizes_BaseAddress_trailing_slash" />
    </UnitTest>
    <UnitTest name="RomM.Client.Tests.CsdbIngestAndWorkflowTests.Sid_ingest_uses_HVSC_when_present" storage="f:\github\romm\tests\romm.client.tests\bin\release\net10.0\romm.client.tests.dll" id="b2855893-95a7-5166-7859-75150f42f6b6">
      <Execution id="f7c25b32-daa1-4133-b0d4-0fd0824281b4" />
      <TestMethod codeBase="F:\GitHub\RomM\tests\RomM.Client.Tests\bin\Release\net10.0\RomM.Client.Tests.dll" adapterTypeName="executor://xunit/VsTestRunner3/netcore/" className="RomM.Client.Tests.CsdbIngestAndWorkflowTests" name="Sid_ingest_uses_HVSC_when_present" />
    </UnitTest>
    <UnitTest name="RomM.Client.Tests.RomMCoreClientTests.Enumerate_continues_when_total_is_omitted" storage="f:\github\romm\tests\romm.client.tests\bin\release\net10.0\romm.client.tests.dll" id="8885f119-3620-ab4e-8187-6241258ff743">
      <Execution id="b4ee6169-eb2f-45b5-8945-7c506cef46ff" />
      <TestMethod codeBase="F:\GitHub\RomM\tests\RomM.Client.Tests\bin\Release\net10.0\RomM.Client.Tests.dll" adapterTypeName="executor://xunit/VsTestRunner3/netcore/" className="RomM.Client.Tests.RomMCoreClientTests" name="Enumerate_continues_when_total_is_omitted" />
    </UnitTest>
    <UnitTest name="RomM.Client.Tests.RomMAuthHandlerTests.ClientApiToken_attaches_Bearer_Authorization" storage="f:\github\romm\tests\romm.client.tests\bin\release\net10.0\romm.client.tests.dll" id="5fdef6ad-4558-dc9f-8b3d-95aa79defca3">
      <Execution id="6ac8f94e-3cce-427f-bdb2-4d6a880a1d14" />
      <TestMethod codeBase="F:\GitHub\RomM\tests\RomM.Client.Tests\bin\Release\net10.0\RomM.Client.Tests.dll" adapterTypeName="executor://xunit/VsTestRunner3/netcore/" className="RomM.Client.Tests.RomMAuthHandlerTests" name="ClientApiToken_attaches_Bearer_Authorization" />
    </UnitTest>
    <UnitTest name="RomM.Client.Tests.OpenApiSnapshotTests.OpenApi_snapshot_file_exists" storage="f:\github\romm\tests\romm.client.tests\bin\release\net10.0\romm.client.tests.dll" id="0cf20b9d-63b5-2645-2ff8-7b965acdf3b8">
      <Execution id="d2b2b583-6957-4e58-9c36-6b1794c54298" />
      <TestMethod codeBase="F:\GitHub\RomM\tests\RomM.Client.Tests\bin\Release\net10.0\RomM.Client.Tests.dll" adapterTypeName="executor://xunit/VsTestRunner3/netcore/" className="RomM.Client.Tests.OpenApiSnapshotTests" name="OpenApi_snapshot_file_exists" />
    </UnitTest>
    <UnitTest name="RomM.Client.Tests.RomMCoreClientTests.Task_status_failed_stopped_canceled_are_terminal_failure(status: &quot;canceled&quot;)" storage="f:\github\romm\tests\romm.client.tests\bin\release\net10.0\romm.client.tests.dll" id="071996c3-dec4-df94-5041-5dfe455bc964">
      <Execution id="3f8a2997-0a12-4748-ba87-04ce6beda880" />
      <TestMethod codeBase="F:\GitHub\RomM\tests\RomM.Client.Tests\bin\Release\net10.0\RomM.Client.Tests.dll" adapterTypeName="executor://xunit/VsTestRunner3/netcore/" className="RomM.Client.Tests.RomMCoreClientTests" name="Task_status_failed_stopped_canceled_are_terminal_failure" />
    </UnitTest>
  </TestDefinitions>
  <TestEntries>
    <TestEntry testId="7df0fbd1-13b5-904b-e811-c425ae6a0b58" executionId="92828a78-5c25-4907-917e-4c0eed24bd0c" testListId="8c84fa94-04c1-424b-9868-57a2d4851a1d" />
    <TestEntry testId="271f0989-4ed3-00aa-4b15-58c029fac441" executionId="d28ea597-07b3-492e-aa01-6102484da927" testListId="8c84fa94-04c1-424b-9868-57a2d4851a1d" />
    <TestEntry testId="bd25e882-4a14-89c1-9eaa-ca5666c469a2" executionId="6f22585a-5ad5-4ad0-9c43-23f758a9426a" testListId="8c84fa94-04c1-424b-9868-57a2d4851a1d" />
    <TestEntry testId="ca1f86f1-8514-15ee-f26a-2af71938f104" executionId="a7f7c58a-ad1b-4d28-adb4-eed9c94d2381" testListId="8c84fa94-04c1-424b-9868-57a2d4851a1d" />
    <TestEntry testId="7d3e8733-b663-67cc-4f55-0bc1bc574227" executionId="2347f47a-3c58-4f25-9d7a-14cd4bb6cd35" testListId="8c84fa94-04c1-424b-9868-57a2d4851a1d" />
    <TestEntry testId="0cf20b9d-63b5-2645-2ff8-7b965acdf3b8" executionId="d2b2b583-6957-4e58-9c36-6b1794c54298" testListId="8c84fa94-04c1-424b-9868-57a2d4851a1d" />
    <TestEntry testId="34e5d69e-4ef7-9659-7011-a8e426bc1d6e" executionId="6bcf269b-90a8-4ab8-91e2-ae29f0577feb" testListId="8c84fa94-04c1-424b-9868-57a2d4851a1d" />
    <TestEntry testId="c108187f-b38f-f5b6-1ba1-1cb53f731316" executionId="bb036efb-65aa-4560-9681-146bf5a1f868" testListId="8c84fa94-04c1-424b-9868-57a2d4851a1d" />
    <TestEntry testId="e6d01e26-1353-7187-12b9-70d1e8e52055" executionId="461097d2-2ead-4b37-9b58-6abc15f4a610" testListId="8c84fa94-04c1-424b-9868-57a2d4851a1d" />
    <TestEntry testId="c6f94a02-a424-8ed4-ea52-25c9e342868b" executionId="e4bff9ac-2006-47fc-a32f-8ac6f8be6039" testListId="8c84fa94-04c1-424b-9868-57a2d4851a1d" />
    <TestEntry testId="aff07656-351f-304c-2570-46facbf848b8" executionId="13c020ba-9b11-46ec-8cf7-e567076922e2" testListId="8c84fa94-04c1-424b-9868-57a2d4851a1d" />
    <TestEntry testId="cca9061f-2350-d9e0-7489-1cfca4bea696" executionId="8b71e601-9940-4333-842a-acedb0fb6cfc" testListId="8c84fa94-04c1-424b-9868-57a2d4851a1d" />
    <TestEntry testId="cab53d99-778b-8f9c-22fe-9eca49f35681" executionId="6989a8fe-5fcd-4bd6-af37-abe4c7f4f99e" testListId="8c84fa94-04c1-424b-9868-57a2d4851a1d" />
    <TestEntry testId="a1f716a5-f1c9-cf69-63a7-7446a7602535" executionId="6c289147-b6cb-45cc-b06a-8e230467a67f" testListId="8c84fa94-04c1-424b-9868-57a2d4851a1d" />
    <TestEntry testId="a58f0770-ea18-f648-d614-bf00fed1abe0" executionId="7c20d297-27fc-40f4-8a71-81bfbfe86928" testListId="8c84fa94-04c1-424b-9868-57a2d4851a1d" />
    <TestEntry testId="5e9a813e-bb02-a670-23a5-a9af21b95c10" executionId="4b226eb2-2599-42da-808c-185bdedec1b3" testListId="8c84fa94-04c1-424b-9868-57a2d4851a1d" />
    <TestEntry testId="14fae250-4f34-2b6a-6197-91dca59d5b59" executionId="62edb1f1-2aea-4a15-ace4-c4034721643f" testListId="8c84fa94-04c1-424b-9868-57a2d4851a1d" />
    <TestEntry testId="f6519dd6-540d-8a55-c14b-3fec552d33b0" executionId="af36482e-83cf-4043-b6f0-2ab7d4cfea88" testListId="8c84fa94-04c1-424b-9868-57a2d4851a1d" />
    <TestEntry testId="a77fb601-c893-c005-a183-15b20b67de51" executionId="0770ad20-fa3e-4a3e-b00c-199e2de8f81b" testListId="8c84fa94-04c1-424b-9868-57a2d4851a1d" />
    <TestEntry testId="f610abda-5016-d935-7693-fd5f5f97291f" executionId="849f6ab7-a766-48b3-8951-d87571833b17" testListId="8c84fa94-04c1-424b-9868-57a2d4851a1d" />
    <TestEntry testId="14f614e6-ce92-54c6-ca9f-9d4ddbdc7cfd" executionId="ef51d28d-94bb-4f83-9296-3c8e5ed074d6" testListId="8c84fa94-04c1-424b-9868-57a2d4851a1d" />
    <TestEntry testId="071996c3-dec4-df94-5041-5dfe455bc964" executionId="3f8a2997-0a12-4748-ba87-04ce6beda880" testListId="8c84fa94-04c1-424b-9868-57a2d4851a1d" />
    <TestEntry testId="4f9323ac-8348-0112-f75a-660d6e755ab4" executionId="2a9cca00-fd88-4d57-a11d-9ff469355977" testListId="8c84fa94-04c1-424b-9868-57a2d4851a1d" />
    <TestEntry testId="11c41a4f-c2c1-c14a-834e-d221868aac50" executionId="9b5a6685-43f7-4229-a4d2-85a297435cfe" testListId="8c84fa94-04c1-424b-9868-57a2d4851a1d" />
    <TestEntry testId="5fdef6ad-4558-dc9f-8b3d-95aa79defca3" executionId="6ac8f94e-3cce-427f-bdb2-4d6a880a1d14" testListId="8c84fa94-04c1-424b-9868-57a2d4851a1d" />
    <TestEntry testId="a03d8df2-a338-61e3-84a9-d49273ca4fcc" executionId="26ea5e31-5ee5-40ba-a7d9-0d62b846b770" testListId="8c84fa94-04c1-424b-9868-57a2d4851a1d" />
    <TestEntry testId="abbeb7f1-319b-e626-bcf2-2726e1144c15" executionId="8e3a65ba-f5b6-4bc3-ad9b-c31e2a1084a3" testListId="8c84fa94-04c1-424b-9868-57a2d4851a1d" />
    <TestEntry testId="8e1673ef-6d8a-da1c-7538-54aedf9c3e7b" executionId="c1a55d1a-6309-4016-8ccf-ae0a7b0a8bf3" testListId="8c84fa94-04c1-424b-9868-57a2d4851a1d" />
    <TestEntry testId="193e8904-0409-5d86-1732-ecbab33fbc26" executionId="66f899b8-d93e-4725-a93f-d2c797294611" testListId="8c84fa94-04c1-424b-9868-57a2d4851a1d" />
    <TestEntry testId="198ee733-ca1e-6891-8b8a-b2567566f718" executionId="720acc65-d33b-42a1-b9f8-4f6be4a68f93" testListId="8c84fa94-04c1-424b-9868-57a2d4851a1d" />
    <TestEntry testId="cfa47840-193d-7321-d125-433d8aaf75b0" executionId="55e3a516-00c9-4d1c-96fd-e6f1fa563385" testListId="8c84fa94-04c1-424b-9868-57a2d4851a1d" />
    <TestEntry testId="f550a624-c01b-1c0b-843e-eb95533c2f7d" executionId="bd5e4d06-7e4e-4cdc-be46-ef1a3a0b0dc0" testListId="8c84fa94-04c1-424b-9868-57a2d4851a1d" />
    <TestEntry testId="0cfd7d28-6208-8120-a4fb-6ff49163aadd" executionId="d067f854-ef54-4fd7-9b67-12eaa29562ed" testListId="8c84fa94-04c1-424b-9868-57a2d4851a1d" />
    <TestEntry testId="bca5fe18-c232-a97a-dd14-20c61833177c" executionId="6716d83a-8aa6-4dcc-b284-ee5847a7d98d" testListId="8c84fa94-04c1-424b-9868-57a2d4851a1d" />
    <TestEntry testId="77082fb8-5fdb-aa16-ef52-1ddc27870671" executionId="779ae66d-9c4d-4fc2-926e-1df32d12d78a" testListId="8c84fa94-04c1-424b-9868-57a2d4851a1d" />
    <TestEntry testId="b2855893-95a7-5166-7859-75150f42f6b6" executionId="f7c25b32-daa1-4133-b0d4-0fd0824281b4" testListId="8c84fa94-04c1-424b-9868-57a2d4851a1d" />
    <TestEntry testId="202fcb21-c987-9c7e-2170-05364cdbf495" executionId="a8e362dc-1d69-415f-9698-82588cd590e3" testListId="8c84fa94-04c1-424b-9868-57a2d4851a1d" />
    <TestEntry testId="646ac50d-8b85-75fa-6e1a-0e1210952916" executionId="aa313376-f4c3-441b-a377-3aa045dd07bf" testListId="8c84fa94-04c1-424b-9868-57a2d4851a1d" />
    <TestEntry testId="41650140-8897-de79-90cf-b7fec7552639" executionId="10477a80-40e1-4611-8e06-06ffe7fda498" testListId="8c84fa94-04c1-424b-9868-57a2d4851a1d" />
    <TestEntry testId="64c0160a-f13c-ff39-1c95-5c484fda45cf" executionId="f4bcfd04-a669-4c3e-a491-627e7790411d" testListId="8c84fa94-04c1-424b-9868-57a2d4851a1d" />
    <TestEntry testId="cbb0adce-54be-7697-6562-801a14037c0d" executionId="552f20a3-e19d-4946-9639-d39e0e7db4f6" testListId="8c84fa94-04c1-424b-9868-57a2d4851a1d" />
    <TestEntry testId="8885f119-3620-ab4e-8187-6241258ff743" executionId="b4ee6169-eb2f-45b5-8945-7c506cef46ff" testListId="8c84fa94-04c1-424b-9868-57a2d4851a1d" />
    <TestEntry testId="d258e795-f9e1-65e0-4054-42ea32f4319d" executionId="cc964f5e-0804-4db5-bec1-b5f79a8e441c" testListId="8c84fa94-04c1-424b-9868-57a2d4851a1d" />
    <TestEntry testId="dc00959c-3448-b4f8-9bad-42c8fec17993" executionId="47728838-4c52-4478-85e3-4eb3a15ec2b9" testListId="8c84fa94-04c1-424b-9868-57a2d4851a1d" />
    <TestEntry testId="5faa81d5-7ec0-9db9-956b-48dc6f211ac3" executionId="a54a339b-874d-4114-9e89-8d1fe9c70591" testListId="8c84fa94-04c1-424b-9868-57a2d4851a1d" />
    <TestEntry testId="6020f0e6-7af5-1fd3-91e4-28f539975b8a" executionId="cba1baeb-cbe1-4202-9fa1-22be9ed7aa32" testListId="8c84fa94-04c1-424b-9868-57a2d4851a1d" />
    <TestEntry testId="7abb677c-4840-2413-908f-c6a5e239e14a" executionId="dd0ef8a5-ee8a-4a57-ab5f-f2f39e7c1726" testListId="8c84fa94-04c1-424b-9868-57a2d4851a1d" />
    <TestEntry testId="4e6c0451-7c16-ba88-b7ec-a576c21b51c1" executionId="00cba4d7-776a-47ff-88fd-6d64bea332dd" testListId="8c84fa94-04c1-424b-9868-57a2d4851a1d" />
    <TestEntry testId="3fd0ee22-6728-05ef-42df-af1de47b1061" executionId="43e6d7e8-8635-41ce-857b-cce0ad598e47" testListId="8c84fa94-04c1-424b-9868-57a2d4851a1d" />
    <TestEntry testId="e291397b-ec5c-2c82-8634-5221bfe87479" executionId="03d8dc33-50b2-41bc-9ce4-b7d96f322307" testListId="8c84fa94-04c1-424b-9868-57a2d4851a1d" />
    <TestEntry testId="ef663119-7730-593e-e1fb-9ad8c6bca612" executionId="1de4287a-07e6-4d5d-ae59-71c01535511f" testListId="8c84fa94-04c1-424b-9868-57a2d4851a1d" />
    <TestEntry testId="2f8b26ae-62b8-668b-07f8-e501a5c52d9a" executionId="1b5ab99d-042e-43e1-9f9a-b7299d98a4c6" testListId="8c84fa94-04c1-424b-9868-57a2d4851a1d" />
    <TestEntry testId="e761ec0c-6034-0b69-1435-06dccb250bec" executionId="15364dd0-7b7d-4248-b38d-a88056223007" testListId="8c84fa94-04c1-424b-9868-57a2d4851a1d" />
    <TestEntry testId="6c21bf8e-0167-9bbc-c6f5-72ad344ccae5" executionId="f7e4d516-4c2b-4c9b-b49a-cf9158005b3c" testListId="8c84fa94-04c1-424b-9868-57a2d4851a1d" />
    <TestEntry testId="eac8340a-58ba-08fa-3790-92e2c5614e8f" executionId="7e1e9fc7-adef-4cd6-aaec-bdcee115ae71" testListId="8c84fa94-04c1-424b-9868-57a2d4851a1d" />
    <TestEntry testId="66ce23ea-70ae-b3ec-8c07-0e64cd589b40" executionId="91158a53-0834-4041-9cce-b8d80dc5c255" testListId="8c84fa94-04c1-424b-9868-57a2d4851a1d" />
    <TestEntry testId="7c573812-09fa-a871-f6ab-c67445674832" executionId="9431fba7-31a2-4f1d-9f32-aaa37510dfcb" testListId="8c84fa94-04c1-424b-9868-57a2d4851a1d" />
  </TestEntries>
  <TestLists>
    <TestList name="Results Not in a List" id="8c84fa94-04c1-424b-9868-57a2d4851a1d" />
    <TestList name="All Loaded Results" id="19431567-8539-422a-85d7-44ee4e166bda" />
  </TestLists>
  <ResultSummary outcome="Completed">
    <Counters total="57" executed="57" passed="57" failed="0" error="0" timeout="0" aborted="0" inconclusive="0" passedButRunAborted="0" notRunnable="0" notExecuted="0" disconnected="0" warning="0" completed="0" inProgress="0" pending="0" />
    <Output>
      <StdOut>[xUnit.net 00:00:00.00] xUnit.net VSTest Adapter v3.1.4+50e68bbb8b (64-bit .NET 10.0.12)&#xD;
[xUnit.net 00:00:00.16]   Discovering: RomM.Client.Tests&#xD;
[xUnit.net 00:00:00.24]   Discovered:  RomM.Client.Tests&#xD;
[xUnit.net 00:00:00.29]   Starting:    RomM.Client.Tests&#xD;
[xUnit.net 00:00:01.54]   Finished:    RomM.Client.Tests&#xD;
</StdOut>
    </Output>
  </ResultSummary>
</TestRun>