<?xml version="1.0" encoding="utf-8"?>
<TestRun id="e8a7689e-b151-4296-bbeb-733c1da5f6f5" name="SYSTEM@PAYTON-LEGION2 2026-09-15 16:45:22" runUser="PAYTON-LEGION2\kingd" xmlns="http://microsoft.com/schemas/VisualStudio/TeamTest/2010">
  <Times creation="2026-09-15T16:45:22.1413719-05:00" queuing="2026-09-15T16:45:22.1413724-05:00" start="2026-09-15T16:45:21.3982040-05:00" finish="2026-09-15T16:45:23.2591690-05:00" />
  <TestSettings name="default" id="2134c884-0968-4502-8b6d-f5adad16ef44">
    <Deployment runDeploymentRoot="SYSTEM_PAYTON-LEGION2_2026-09-15_16_45_22" />
  </TestSettings>
  <Results>
    <UnitTestResult executionId="7faffe53-e232-4de9-9326-b4a7118b6b8c" testId="7df0fbd1-13b5-904b-e811-c425ae6a0b58" testName="RomM.Client.Tests.CsdbClientTests.GetRelease_parses_webservice_xml" computerName="PAYTON-LEGION2" duration="00:00:00.0124604" startTime="2026-09-15T16:45:22.1312749-05:00" endTime="2026-09-15T16:45:22.1314561-05:00" testType="13cdc9d9-ddb5-4fa4-a97d-d965ccfc6d4b" outcome="Passed" testListId="8c84fa94-04c1-424b-9868-57a2d4851a1d" relativeResultsDirectory="7faffe53-e232-4de9-9326-b4a7118b6b8c" />
    <UnitTestResult executionId="6a6ce445-1d1c-436c-bb26-1e9271b83be4" testId="e761ec0c-6034-0b69-1435-06dccb250bec" testName="RomM.Client.Tests.OpenApiCoverageTests.Every_openapi_path_is_typed_or_transport_allowlisted" computerName="PAYTON-LEGION2" duration="00:00:00.0211897" startTime="2026-09-15T16:45:22.1240196-05:00" endTime="2026-09-15T16:45:22.1313877-05:00" testType="13cdc9d9-ddb5-4fa4-a97d-d965ccfc6d4b" outcome="Passed" testListId="8c84fa94-04c1-424b-9868-57a2d4851a1d" relativeResultsDirectory="6a6ce445-1d1c-436c-bb26-1e9271b83be4" />
    <UnitTestResult executionId="c3ae93fb-7bfa-4eb4-b5e0-db31eee8d615" testId="3fd0ee22-6728-05ef-42df-af1de47b1061" testName="RomM.Client.Tests.CsdbIngestAndWorkflowTests.Workflow_scans_only_after_successful_ingest" computerName="PAYTON-LEGION2" duration="00:00:00.0394838" startTime="2026-09-15T16:45:22.1345442-05:00" endTime="2026-09-15T16:45:22.1570505-05:00" testType="13cdc9d9-ddb5-4fa4-a97d-d965ccfc6d4b" outcome="Passed" testListId="8c84fa94-04c1-424b-9868-57a2d4851a1d" relativeResultsDirectory="c3ae93fb-7bfa-4eb4-b5e0-db31eee8d615" />
    <UnitTestResult executionId="dd85a9d3-032c-4e24-92b7-2fbcf38ef2e6" testId="11c41a4f-c2c1-c14a-834e-d221868aac50" testName="RomM.Client.Tests.RomMAuthHandlerTests.RomMClientOptions_can_hold_Auth_and_Validate_still_requires_BaseAddress" computerName="PAYTON-LEGION2" duration="00:00:00.0028042" startTime="2026-09-15T16:45:22.1538490-05:00" endTime="2026-09-15T16:45:22.1565926-05:00" testType="13cdc9d9-ddb5-4fa4-a97d-d965ccfc6d4b" outcome="Passed" testListId="8c84fa94-04c1-424b-9868-57a2d4851a1d" relativeResultsDirectory="dd85a9d3-032c-4e24-92b7-2fbcf38ef2e6" />
    <UnitTestResult executionId="ac016027-9769-4e56-8a17-60a7061a2073" testId="0cfd7d28-6208-8120-a4fb-6ff49163aadd" testName="RomM.Client.Tests.RomMCoreClientTests.Platforms_List_and_Get_use_shipped_clients" computerName="PAYTON-LEGION2" duration="00:00:00.0880220" startTime="2026-09-15T16:45:22.0944080-05:00" endTime="2026-09-15T16:45:22.1394507-05:00" testType="13cdc9d9-ddb5-4fa4-a97d-d965ccfc6d4b" outcome="Passed" testListId="8c84fa94-04c1-424b-9868-57a2d4851a1d" relativeResultsDirectory="ac016027-9769-4e56-8a17-60a7061a2073" />
    <UnitTestResult executionId="bf569e09-e4cc-462c-a591-1ef578a1d0e5" testId="abbeb7f1-319b-e626-bcf2-2726e1144c15" testName="RomM.Client.Tests.RomMCoreClientTests.Task_status_finished_is_terminal_success" computerName="PAYTON-LEGION2" duration="00:00:00.0028711" startTime="2026-09-15T16:45:22.1602019-05:00" endTime="2026-09-15T16:45:22.1628754-05:00" testType="13cdc9d9-ddb5-4fa4-a97d-d965ccfc6d4b" outcome="Passed" testListId="8c84fa94-04c1-424b-9868-57a2d4851a1d" relativeResultsDirectory="bf569e09-e4cc-462c-a591-1ef578a1d0e5" />
    <UnitTestResult executionId="fea99cdd-d80c-4354-8715-115f0fa0dcd5" testId="cbb0adce-54be-7697-6562-801a14037c0d" testName="RomM.Client.Tests.RomMHttpExceptionMappingTests.EnsureSuccess_maps_401_to_RomMAuthException" computerName="PAYTON-LEGION2" duration="00:00:00.0015862" startTime="2026-09-15T16:45:22.1309058-05:00" endTime="2026-09-15T16:45:22.1309603-05:00" testType="13cdc9d9-ddb5-4fa4-a97d-d965ccfc6d4b" outcome="Passed" testListId="8c84fa94-04c1-424b-9868-57a2d4851a1d" relativeResultsDirectory="fea99cdd-d80c-4354-8715-115f0fa0dcd5" />
    <UnitTestResult executionId="2a029d31-2bb2-4aa4-8cd6-a1f5782b9b71" testId="41650140-8897-de79-90cf-b7fec7552639" testName="RomM.Client.Tests.RomMClientOptionsTests.Validate_normalizes_BaseAddress_trailing_slash" computerName="PAYTON-LEGION2" duration="00:00:00.0007448" startTime="2026-09-15T16:45:22.1236506-05:00" endTime="2026-09-15T16:45:22.1240559-05:00" testType="13cdc9d9-ddb5-4fa4-a97d-d965ccfc6d4b" outcome="Passed" testListId="8c84fa94-04c1-424b-9868-57a2d4851a1d" relativeResultsDirectory="2a029d31-2bb2-4aa4-8cd6-a1f5782b9b71" />
    <UnitTestResult executionId="5c0d4d3f-b417-4095-b8fc-9b56c7d83b01" testId="7c573812-09fa-a871-f6ab-c67445674832" testName="RomM.Client.Tests.RomMClientOptionsTests.Validate_succeeds_when_BaseAddress_set" computerName="PAYTON-LEGION2" duration="00:00:00.0003165" startTime="2026-09-15T16:45:22.1164628-05:00" endTime="2026-09-15T16:45:22.1165842-05:00" testType="13cdc9d9-ddb5-4fa4-a97d-d965ccfc6d4b" outcome="Passed" testListId="8c84fa94-04c1-424b-9868-57a2d4851a1d" relativeResultsDirectory="5c0d4d3f-b417-4095-b8fc-9b56c7d83b01" />
    <UnitTestResult executionId="0086459c-0578-48e2-8477-db0d3dcd966d" testId="ca1f86f1-8514-15ee-f26a-2af71938f104" testName="RomM.Client.Tests.CsdbLibraryOptionsTests.ClampSearchLimit_refuses_over_max" computerName="PAYTON-LEGION2" duration="00:00:00.0013417" startTime="2026-09-15T16:45:22.1238806-05:00" endTime="2026-09-15T16:45:22.1241144-05:00" testType="13cdc9d9-ddb5-4fa4-a97d-d965ccfc6d4b" outcome="Passed" testListId="8c84fa94-04c1-424b-9868-57a2d4851a1d" relativeResultsDirectory="0086459c-0578-48e2-8477-db0d3dcd966d" />
    <UnitTestResult executionId="431363b8-ce76-4190-aab9-b84959620de9" testId="a58f0770-ea18-f648-d614-bf00fed1abe0" testName="RomM.Client.Tests.OpenApiSnapshotTests.OpenApi_path_inventory_has_at_least_100_paths" computerName="PAYTON-LEGION2" duration="00:00:00.0107563" startTime="2026-09-15T16:45:22.1326799-05:00" endTime="2026-09-15T16:45:22.1331632-05:00" testType="13cdc9d9-ddb5-4fa4-a97d-d965ccfc6d4b" outcome="Passed" testListId="8c84fa94-04c1-424b-9868-57a2d4851a1d" relativeResultsDirectory="431363b8-ce76-4190-aab9-b84959620de9" />
    <UnitTestResult executionId="f52fd577-082f-488f-9111-a949a97823d7" testId="cab53d99-778b-8f9c-22fe-9eca49f35681" testName="RomM.Client.Tests.CsdbLibraryOptionsTests.Validate_succeeds_with_defaults" computerName="PAYTON-LEGION2" duration="00:00:00.0052662" startTime="2026-09-15T16:45:22.1242019-05:00" endTime="2026-09-15T16:45:22.1271249-05:00" testType="13cdc9d9-ddb5-4fa4-a97d-d965ccfc6d4b" outcome="Passed" testListId="8c84fa94-04c1-424b-9868-57a2d4851a1d" relativeResultsDirectory="f52fd577-082f-488f-9111-a949a97823d7" />
    <UnitTestResult executionId="a069109a-b444-4f3d-9c56-a2ccc80a164c" testId="271f0989-4ed3-00aa-4b15-58c029fac441" testName="RomM.Client.Tests.RomMHttpExceptionMappingTests.RomMScopes_constants_match_OpenApi_password_flow_scopes" computerName="PAYTON-LEGION2" duration="00:00:00.0002076" startTime="2026-09-15T16:45:22.1303622-05:00" endTime="2026-09-15T16:45:22.1304208-05:00" testType="13cdc9d9-ddb5-4fa4-a97d-d965ccfc6d4b" outcome="Passed" testListId="8c84fa94-04c1-424b-9868-57a2d4851a1d" relativeResultsDirectory="a069109a-b444-4f3d-9c56-a2ccc80a164c" />
    <UnitTestResult executionId="e9124675-17d9-4988-a98a-9659e33d3933" testId="4f9323ac-8348-0112-f75a-660d6e755ab4" testName="RomM.Client.Tests.CsdbIngestAndWorkflowTests.Ingest_writes_only_under_c64_with_csdb_tag" computerName="PAYTON-LEGION2" duration="00:00:00.0416126" startTime="2026-09-15T16:45:22.0944709-05:00" endTime="2026-09-15T16:45:22.1327454-05:00" testType="13cdc9d9-ddb5-4fa4-a97d-d965ccfc6d4b" outcome="Passed" testListId="8c84fa94-04c1-424b-9868-57a2d4851a1d" relativeResultsDirectory="e9124675-17d9-4988-a98a-9659e33d3933" />
    <UnitTestResult executionId="94d80e96-b38d-4d3b-8d00-bc9524e25c8d" testId="2f8b26ae-62b8-668b-07f8-e501a5c52d9a" testName="RomM.Client.Tests.CsdbLibraryOptionsTests.Validate_throws_when_LibraryRomsRoot_missing" computerName="PAYTON-LEGION2" duration="00:00:00.0004343" startTime="2026-09-15T16:45:22.1164454-05:00" endTime="2026-09-15T16:45:22.1237204-05:00" testType="13cdc9d9-ddb5-4fa4-a97d-d965ccfc6d4b" outcome="Passed" testListId="8c84fa94-04c1-424b-9868-57a2d4851a1d" relativeResultsDirectory="94d80e96-b38d-4d3b-8d00-bc9524e25c8d" />
    <UnitTestResult executionId="0bdc689e-fc43-41fc-9063-16a6170bf44e" testId="7d3e8733-b663-67cc-4f55-0bc1bc574227" testName="RomM.Client.Tests.CsdbIngestAndWorkflowTests.Ingest_skips_when_exists_unless_force" computerName="PAYTON-LEGION2" duration="00:00:00.0114795" startTime="2026-09-15T16:45:22.1331002-05:00" endTime="2026-09-15T16:45:22.1337071-05:00" testType="13cdc9d9-ddb5-4fa4-a97d-d965ccfc6d4b" outcome="Passed" testListId="8c84fa94-04c1-424b-9868-57a2d4851a1d" relativeResultsDirectory="0bdc689e-fc43-41fc-9063-16a6170bf44e" />
    <UnitTestResult executionId="809bb7f5-7b07-4cf7-928a-a030be823717" testId="6020f0e6-7af5-1fd3-91e4-28f539975b8a" testName="RomM.Client.Tests.RomMHttpExceptionMappingTests.EnsureSuccess_does_not_throw_on_2xx" computerName="PAYTON-LEGION2" duration="00:00:00.0010807" startTime="2026-09-15T16:45:22.1305645-05:00" endTime="2026-09-15T16:45:22.1308139-05:00" testType="13cdc9d9-ddb5-4fa4-a97d-d965ccfc6d4b" outcome="Passed" testListId="8c84fa94-04c1-424b-9868-57a2d4851a1d" relativeResultsDirectory="809bb7f5-7b07-4cf7-928a-a030be823717" />
    <UnitTestResult executionId="33473a19-730e-4093-879a-705f00d6cf8e" testId="77082fb8-5fdb-aa16-ef52-1ddc27870671" testName="RomM.Client.Tests.RomListQueryTests.ToQueryString_encodes_search_platform_limit_offset" computerName="PAYTON-LEGION2" duration="00:00:00.0079376" startTime="2026-09-15T16:45:22.0942997-05:00" endTime="2026-09-15T16:45:22.0976526-05:00" testType="13cdc9d9-ddb5-4fa4-a97d-d965ccfc6d4b" outcome="Passed" testListId="8c84fa94-04c1-424b-9868-57a2d4851a1d" relativeResultsDirectory="33473a19-730e-4093-879a-705f00d6cf8e" />
    <UnitTestResult executionId="0804ff98-08e3-4b2a-879e-ee542b9cb041" testId="64c0160a-f13c-ff39-1c95-5c484fda45cf" testName="RomM.Client.Tests.RomMHttpExceptionMappingTests.EnsureSuccess_maps_other_errors_to_RomMApiException" computerName="PAYTON-LEGION2" duration="00:00:00.0095914" startTime="2026-09-15T16:45:22.1311153-05:00" endTime="2026-09-15T16:45:22.1313072-05:00" testType="13cdc9d9-ddb5-4fa4-a97d-d965ccfc6d4b" outcome="Passed" testListId="8c84fa94-04c1-424b-9868-57a2d4851a1d" relativeResultsDirectory="0804ff98-08e3-4b2a-879e-ee542b9cb041" />
    <UnitTestResult executionId="f852db0a-7ad8-460b-93bb-d6c0c67224f9" testId="dc00959c-3448-b4f8-9bad-42c8fec17993" testName="RomM.Client.Tests.RomMCoreClientTests.Roms_List_builds_query_and_Enumerate_stops" computerName="PAYTON-LEGION2" duration="00:00:00.0064273" startTime="2026-09-15T16:45:22.1508590-05:00" endTime="2026-09-15T16:45:22.1579119-05:00" testType="13cdc9d9-ddb5-4fa4-a97d-d965ccfc6d4b" outcome="Passed" testListId="8c84fa94-04c1-424b-9868-57a2d4851a1d" relativeResultsDirectory="f852db0a-7ad8-460b-93bb-d6c0c67224f9" />
    <UnitTestResult executionId="0f24cc53-b337-466c-961d-1b3bd1a4a93a" testId="0cf20b9d-63b5-2645-2ff8-7b965acdf3b8" testName="RomM.Client.Tests.OpenApiSnapshotTests.OpenApi_snapshot_file_exists" computerName="PAYTON-LEGION2" duration="00:00:00.0001928" startTime="2026-09-15T16:45:22.1324741-05:00" endTime="2026-09-15T16:45:22.1325287-05:00" testType="13cdc9d9-ddb5-4fa4-a97d-d965ccfc6d4b" outcome="Passed" testListId="8c84fa94-04c1-424b-9868-57a2d4851a1d" relativeResultsDirectory="0f24cc53-b337-466c-961d-1b3bd1a4a93a" />
    <UnitTestResult executionId="3fdff5cb-f95a-46b8-ae44-cced192a7f78" testId="646ac50d-8b85-75fa-6e1a-0e1210952916" testName="RomM.Client.Tests.CsdbLibraryOptionsTests.ClampSearchLimit_accepts_within_max" computerName="PAYTON-LEGION2" duration="00:00:00.0002816" startTime="2026-09-15T16:45:22.1274143-05:00" endTime="2026-09-15T16:45:22.1275090-05:00" testType="13cdc9d9-ddb5-4fa4-a97d-d965ccfc6d4b" outcome="Passed" testListId="8c84fa94-04c1-424b-9868-57a2d4851a1d" relativeResultsDirectory="3fdff5cb-f95a-46b8-ae44-cced192a7f78" />
    <UnitTestResult executionId="758f6854-bc28-4b03-b37b-cdd5fff83f50" testId="7abb677c-4840-2413-908f-c6a5e239e14a" testName="RomM.Client.Tests.CsdbLibraryOptionsTests.Validate_enforces_MaxSearchLimit_ceiling_of_50" computerName="PAYTON-LEGION2" duration="00:00:00.0078771" startTime="2026-09-15T16:45:22.0944540-05:00" endTime="2026-09-15T16:45:22.1042544-05:00" testType="13cdc9d9-ddb5-4fa4-a97d-d965ccfc6d4b" outcome="Passed" testListId="8c84fa94-04c1-424b-9868-57a2d4851a1d" relativeResultsDirectory="758f6854-bc28-4b03-b37b-cdd5fff83f50" />
    <UnitTestResult executionId="ec663b64-60f5-4c82-a5d6-41e1982b68c9" testId="cca9061f-2350-d9e0-7489-1cfca4bea696" testName="RomM.Client.Tests.OpenApiSnapshotTests.OpenApi_snapshot_is_romm_api_5" computerName="PAYTON-LEGION2" duration="00:00:00.0227078" startTime="2026-09-15T16:45:22.0943845-05:00" endTime="2026-09-15T16:45:22.1306485-05:00" testType="13cdc9d9-ddb5-4fa4-a97d-d965ccfc6d4b" outcome="Passed" testListId="8c84fa94-04c1-424b-9868-57a2d4851a1d" relativeResultsDirectory="ec663b64-60f5-4c82-a5d6-41e1982b68c9" />
    <UnitTestResult executionId="2677542b-7d00-4528-bd15-8491cc3098ed" testId="198ee733-ca1e-6891-8b8a-b2567566f718" testName="RomM.Client.Tests.CsdbIngestAndWorkflowTests.Ingest_over_MaxIngestBatch_throws" computerName="PAYTON-LEGION2" duration="00:00:00.0028143" startTime="2026-09-15T16:45:22.1338109-05:00" endTime="2026-09-15T16:45:22.1338448-05:00" testType="13cdc9d9-ddb5-4fa4-a97d-d965ccfc6d4b" outcome="Passed" testListId="8c84fa94-04c1-424b-9868-57a2d4851a1d" relativeResultsDirectory="2677542b-7d00-4528-bd15-8491cc3098ed" />
    <UnitTestResult executionId="9b7ea916-55ac-43d5-b98a-d41802214ca2" testId="aff07656-351f-304c-2570-46facbf848b8" testName="RomM.Client.Tests.CsdbClientTests.Search_parses_fixture_html_and_enforces_limit" computerName="PAYTON-LEGION2" duration="00:00:00.0195655" startTime="2026-09-15T16:45:22.1322323-05:00" endTime="2026-09-15T16:45:22.1333152-05:00" testType="13cdc9d9-ddb5-4fa4-a97d-d965ccfc6d4b" outcome="Passed" testListId="8c84fa94-04c1-424b-9868-57a2d4851a1d" relativeResultsDirectory="9b7ea916-55ac-43d5-b98a-d41802214ca2" />
    <UnitTestResult executionId="0362f1ac-64d2-4678-a589-39a238640acc" testId="e291397b-ec5c-2c82-8634-5221bfe87479" testName="RomM.Client.Tests.RomMAuthHandlerTests.OAuthPassword_refresh_failure_throws_RomMAuthException" computerName="PAYTON-LEGION2" duration="00:00:00.0105333" startTime="2026-09-15T16:45:22.1433283-05:00" endTime="2026-09-15T16:45:22.1536689-05:00" testType="13cdc9d9-ddb5-4fa4-a97d-d965ccfc6d4b" outcome="Passed" testListId="8c84fa94-04c1-424b-9868-57a2d4851a1d" relativeResultsDirectory="0362f1ac-64d2-4678-a589-39a238640acc" />
    <UnitTestResult executionId="0f42581f-c384-4fd1-9c84-b44b9c3cca9e" testId="8885f119-3620-ab4e-8187-6241258ff743" testName="RomM.Client.Tests.RomMCoreClientTests.Enumerate_continues_when_total_is_omitted" computerName="PAYTON-LEGION2" duration="00:00:00.0110709" startTime="2026-09-15T16:45:22.1396683-05:00" endTime="2026-09-15T16:45:22.1506539-05:00" testType="13cdc9d9-ddb5-4fa4-a97d-d965ccfc6d4b" outcome="Passed" testListId="8c84fa94-04c1-424b-9868-57a2d4851a1d" relativeResultsDirectory="0f42581f-c384-4fd1-9c84-b44b9c3cca9e" />
    <UnitTestResult executionId="bc7b1d00-a690-4b5b-bede-3b5761b7fbfe" testId="4e6c0451-7c16-ba88-b7ec-a576c21b51c1" testName="RomM.Client.Tests.CsdbClientTests.Classifier_always_uses_c64_platform_and_tags" computerName="PAYTON-LEGION2" duration="00:00:00.0134806" startTime="2026-09-15T16:45:22.0944390-05:00" endTime="2026-09-15T16:45:22.1149874-05:00" testType="13cdc9d9-ddb5-4fa4-a97d-d965ccfc6d4b" outcome="Passed" testListId="8c84fa94-04c1-424b-9868-57a2d4851a1d" relativeResultsDirectory="bc7b1d00-a690-4b5b-bede-3b5761b7fbfe" />
    <UnitTestResult executionId="20e66c91-f712-42f1-983c-0a3f908a0fdf" testId="a1f716a5-f1c9-cf69-63a7-7446a7602535" testName="RomM.Client.Tests.RomMHttpExceptionMappingTests.EnsureSuccess_maps_403_to_RomMForbiddenException" computerName="PAYTON-LEGION2" duration="00:00:00.0216550" startTime="2026-09-15T16:45:22.0944240-05:00" endTime="2026-09-15T16:45:22.1276524-05:00" testType="13cdc9d9-ddb5-4fa4-a97d-d965ccfc6d4b" outcome="Passed" testListId="8c84fa94-04c1-424b-9868-57a2d4851a1d" relativeResultsDirectory="20e66c91-f712-42f1-983c-0a3f908a0fdf" />
    <UnitTestResult executionId="1f57c2c6-0466-4b86-8b0a-21b6bbd24a5e" testId="202fcb21-c987-9c7e-2170-05364cdbf495" testName="RomM.Client.Tests.RomMCoreClientTests.DownloadContent_uses_ResponseHeadersRead_path" computerName="PAYTON-LEGION2" duration="00:00:00.0026770" startTime="2026-09-15T16:45:22.1581148-05:00" endTime="2026-09-15T16:45:22.1599158-05:00" testType="13cdc9d9-ddb5-4fa4-a97d-d965ccfc6d4b" outcome="Passed" testListId="8c84fa94-04c1-424b-9868-57a2d4851a1d" relativeResultsDirectory="1f57c2c6-0466-4b86-8b0a-21b6bbd24a5e" />
    <UnitTestResult executionId="9a8f8fb0-c59f-4af1-aa18-441484e18e57" testId="ef663119-7730-593e-e1fb-9ad8c6bca612" testName="RomM.Client.Tests.RomMAuthHandlerTests.ClientApiToken_does_not_attach_to_foreign_host" computerName="PAYTON-LEGION2" duration="00:00:00.0007967" startTime="2026-09-15T16:45:22.1651416-05:00" endTime="2026-09-15T16:45:22.1651943-05:00" testType="13cdc9d9-ddb5-4fa4-a97d-d965ccfc6d4b" outcome="Passed" testListId="8c84fa94-04c1-424b-9868-57a2d4851a1d" relativeResultsDirectory="9a8f8fb0-c59f-4af1-aa18-441484e18e57" />
    <UnitTestResult executionId="8f69e0b8-2abb-4e85-8036-3eef1fe73ec8" testId="5faa81d5-7ec0-9db9-956b-48dc6f211ac3" testName="RomM.Client.Tests.RomMClientOptionsTests.Validate_throws_when_BaseAddress_missing" computerName="PAYTON-LEGION2" duration="00:00:00.0078630" startTime="2026-09-15T16:45:22.0914279-05:00" endTime="2026-09-15T16:45:22.1042768-05:00" testType="13cdc9d9-ddb5-4fa4-a97d-d965ccfc6d4b" outcome="Passed" testListId="8c84fa94-04c1-424b-9868-57a2d4851a1d" relativeResultsDirectory="8f69e0b8-2abb-4e85-8036-3eef1fe73ec8" />
    <UnitTestResult executionId="ab733755-8f8e-43e4-9022-cc4c58adb754" testId="eac8340a-58ba-08fa-3790-92e2c5614e8f" testName="RomM.Client.Tests.OpenApiSnapshotTests.OpenApi_snapshot_has_expected_core_paths" computerName="PAYTON-LEGION2" duration="00:00:00.0204771" startTime="2026-09-15T16:45:22.1307785-05:00" endTime="2026-09-15T16:45:22.1323067-05:00" testType="13cdc9d9-ddb5-4fa4-a97d-d965ccfc6d4b" outcome="Passed" testListId="8c84fa94-04c1-424b-9868-57a2d4851a1d" relativeResultsDirectory="ab733755-8f8e-43e4-9022-cc4c58adb754" />
    <UnitTestResult executionId="2107f4fb-b708-4592-b26e-1e7fbc9f9516" testId="14fae250-4f34-2b6a-6197-91dca59d5b59" testName="RomM.Client.Tests.RomMAuthHandlerTests.Basic_attaches_Basic_Authorization" computerName="PAYTON-LEGION2" duration="00:00:00.0009199" startTime="2026-09-15T16:45:22.1634883-05:00" endTime="2026-09-15T16:45:22.1642994-05:00" testType="13cdc9d9-ddb5-4fa4-a97d-d965ccfc6d4b" outcome="Passed" testListId="8c84fa94-04c1-424b-9868-57a2d4851a1d" relativeResultsDirectory="2107f4fb-b708-4592-b26e-1e7fbc9f9516" />
    <UnitTestResult executionId="2351ce6f-3862-44fd-ae6a-65ea6a99cf7b" testId="a77fb601-c893-c005-a183-15b20b67de51" testName="RomM.Client.Tests.RomMAuthHandlerTests.OAuth_does_not_post_secrets_to_foreign_host" computerName="PAYTON-LEGION2" duration="00:00:00.0020513" startTime="2026-09-15T16:45:22.1582751-05:00" endTime="2026-09-15T16:45:22.1602839-05:00" testType="13cdc9d9-ddb5-4fa4-a97d-d965ccfc6d4b" outcome="Passed" testListId="8c84fa94-04c1-424b-9868-57a2d4851a1d" relativeResultsDirectory="2351ce6f-3862-44fd-ae6a-65ea6a99cf7b" />
    <UnitTestResult executionId="47863881-02c3-4c6a-9703-57704713a2ac" testId="d258e795-f9e1-65e0-4054-42ea32f4319d" testName="RomM.Client.Tests.RomMCoreClientTests.Enumerate_does_not_yield_after_cancellation" computerName="PAYTON-LEGION2" duration="00:00:00.0038366" startTime="2026-09-15T16:45:22.1687144-05:00" endTime="2026-09-15T16:45:22.1724055-05:00" testType="13cdc9d9-ddb5-4fa4-a97d-d965ccfc6d4b" outcome="Passed" testListId="8c84fa94-04c1-424b-9868-57a2d4851a1d" relativeResultsDirectory="47863881-02c3-4c6a-9703-57704713a2ac" />
    <UnitTestResult executionId="686bf874-408a-4aff-9d65-6dd01bc22a12" testId="bca5fe18-c232-a97a-dd14-20c61833177c" testName="RomM.Client.Tests.OpenApiCoverageTests.IRomMClient_exposes_core_entry_points" computerName="PAYTON-LEGION2" duration="00:00:00.0007591" startTime="2026-09-15T16:45:22.1164777-05:00" endTime="2026-09-15T16:45:22.1239174-05:00" testType="13cdc9d9-ddb5-4fa4-a97d-d965ccfc6d4b" outcome="Passed" testListId="8c84fa94-04c1-424b-9868-57a2d4851a1d" relativeResultsDirectory="686bf874-408a-4aff-9d65-6dd01bc22a12" />
    <UnitTestResult executionId="08c05aed-3a53-4361-86e4-ef613fbffd28" testId="f6519dd6-540d-8a55-c14b-3fec552d33b0" testName="RomM.Client.Tests.RomMAuthHandlerTests.OAuthPassword_grants_token_stores_and_uses_Bearer" computerName="PAYTON-LEGION2" duration="00:00:00.0021777" startTime="2026-09-15T16:45:22.1613313-05:00" endTime="2026-09-15T16:45:22.1633106-05:00" testType="13cdc9d9-ddb5-4fa4-a97d-d965ccfc6d4b" outcome="Passed" testListId="8c84fa94-04c1-424b-9868-57a2d4851a1d" relativeResultsDirectory="08c05aed-3a53-4361-86e4-ef613fbffd28" />
    <UnitTestResult executionId="c66d92c4-34f1-42e3-8f2c-a0295ce1cace" testId="14f614e6-ce92-54c6-ca9f-9d4ddbdc7cfd" testName="RomM.Client.Tests.OpenApiCoverageTests.Unknown_api_path_is_not_auto_covered" computerName="PAYTON-LEGION2" duration="00:00:00.0078520" startTime="2026-09-15T16:45:22.0957799-05:00" endTime="2026-09-15T16:45:22.1041230-05:00" testType="13cdc9d9-ddb5-4fa4-a97d-d965ccfc6d4b" outcome="Passed" testListId="8c84fa94-04c1-424b-9868-57a2d4851a1d" relativeResultsDirectory="c66d92c4-34f1-42e3-8f2c-a0295ce1cace" />
    <UnitTestResult executionId="6d11d9e9-e3a4-4fd0-b532-dc373f4de707" testId="e6d01e26-1353-7187-12b9-70d1e8e52055" testName="RomM.Client.Tests.RomMCoreClientTests.Heartbeat_top_level_VERSION_is_not_the_live_contract" computerName="PAYTON-LEGION2" duration="00:00:00.0054995" startTime="2026-09-15T16:45:22.1631621-05:00" endTime="2026-09-15T16:45:22.1684716-05:00" testType="13cdc9d9-ddb5-4fa4-a97d-d965ccfc6d4b" outcome="Passed" testListId="8c84fa94-04c1-424b-9868-57a2d4851a1d" relativeResultsDirectory="6d11d9e9-e3a4-4fd0-b532-dc373f4de707" />
    <UnitTestResult executionId="af645519-1c79-4f34-8217-b56694afd57b" testId="5fdef6ad-4558-dc9f-8b3d-95aa79defca3" testName="RomM.Client.Tests.RomMAuthHandlerTests.ClientApiToken_attaches_Bearer_Authorization" computerName="PAYTON-LEGION2" duration="00:00:00.0013938" startTime="2026-09-15T16:45:22.1569169-05:00" endTime="2026-09-15T16:45:22.1581631-05:00" testType="13cdc9d9-ddb5-4fa4-a97d-d965ccfc6d4b" outcome="Passed" testListId="8c84fa94-04c1-424b-9868-57a2d4851a1d" relativeResultsDirectory="af645519-1c79-4f34-8217-b56694afd57b" />
    <UnitTestResult executionId="7d060681-2d1e-48d2-9ecc-8e5a88c4f44f" testId="5e9a813e-bb02-a670-23a5-a9af21b95c10" testName="RomM.Client.Tests.CsdbIngestAndWorkflowTests.Ingest_empty_selection_throws" computerName="PAYTON-LEGION2" duration="00:00:00.0011918" startTime="2026-09-15T16:45:22.1328954-05:00" endTime="2026-09-15T16:45:22.1329453-05:00" testType="13cdc9d9-ddb5-4fa4-a97d-d965ccfc6d4b" outcome="Passed" testListId="8c84fa94-04c1-424b-9868-57a2d4851a1d" relativeResultsDirectory="7d060681-2d1e-48d2-9ecc-8e5a88c4f44f" />
    <UnitTestResult executionId="bea05bd7-1c4a-4e25-a9c6-172ddca5ea55" testId="c6f94a02-a424-8ed4-ea52-25c9e342868b" testName="RomM.Client.Tests.RomMHttpExceptionMappingTests.RomMApiException_message_does_not_include_caller_secrets" computerName="PAYTON-LEGION2" duration="00:00:00.0004975" startTime="2026-09-15T16:45:22.1278054-05:00" endTime="2026-09-15T16:45:22.1278685-05:00" testType="13cdc9d9-ddb5-4fa4-a97d-d965ccfc6d4b" outcome="Passed" testListId="8c84fa94-04c1-424b-9868-57a2d4851a1d" relativeResultsDirectory="bea05bd7-1c4a-4e25-a9c6-172ddca5ea55" />
    <UnitTestResult executionId="6d414cd4-6fc2-4173-abf5-12bce39618ef" testId="c108187f-b38f-f5b6-1ba1-1cb53f731316" testName="RomM.Client.Tests.RomMCoreClientTests.Tasks_Run_Wait_and_ScanLibrary_use_shipped_Tasks_client" computerName="PAYTON-LEGION2" duration="00:00:01.0134373" startTime="2026-09-15T16:45:22.1802256-05:00" endTime="2026-09-15T16:45:23.1938271-05:00" testType="13cdc9d9-ddb5-4fa4-a97d-d965ccfc6d4b" outcome="Passed" testListId="8c84fa94-04c1-424b-9868-57a2d4851a1d" relativeResultsDirectory="6d414cd4-6fc2-4173-abf5-12bce39618ef" />
    <UnitTestResult executionId="1119a8da-a849-4b8b-b49c-6ad2fb55567a" testId="66ce23ea-70ae-b3ec-8c07-0e64cd589b40" testName="RomM.Client.Tests.RomMAuthHandlerTests.OAuthPassword_relative_expires_reused_on_second_request_without_token_call" computerName="PAYTON-LEGION2" duration="00:00:00.0845067" startTime="2026-09-15T16:45:22.0957282-05:00" endTime="2026-09-15T16:45:22.1359859-05:00" testType="13cdc9d9-ddb5-4fa4-a97d-d965ccfc6d4b" outcome="Passed" testListId="8c84fa94-04c1-424b-9868-57a2d4851a1d" relativeResultsDirectory="1119a8da-a849-4b8b-b49c-6ad2fb55567a" />
    <UnitTestResult executionId="7a499aa9-ae77-4b1b-bafb-dd74dabe68b9" testId="f550a624-c01b-1c0b-843e-eb95533c2f7d" testName="RomM.Client.Tests.RomMAuthHandlerTests.OAuthPassword_reuses_valid_stored_token_without_grant" computerName="PAYTON-LEGION2" duration="00:00:00.0008678" startTime="2026-09-15T16:45:22.1605335-05:00" endTime="2026-09-15T16:45:22.1610751-05:00" testType="13cdc9d9-ddb5-4fa4-a97d-d965ccfc6d4b" outcome="Passed" testListId="8c84fa94-04c1-424b-9868-57a2d4851a1d" relativeResultsDirectory="7a499aa9-ae77-4b1b-bafb-dd74dabe68b9" />
    <UnitTestResult executionId="77c30637-d74e-473d-a050-e1426dec5443" testId="f610abda-5016-d935-7693-fd5f5f97291f" testName="RomM.Client.Tests.CsdbClientTests.Rate_limiter_delays_second_request" computerName="PAYTON-LEGION2" duration="00:00:00.0117374" startTime="2026-09-15T16:45:22.1164248-05:00" endTime="2026-09-15T16:45:22.1311612-05:00" testType="13cdc9d9-ddb5-4fa4-a97d-d965ccfc6d4b" outcome="Passed" testListId="8c84fa94-04c1-424b-9868-57a2d4851a1d" relativeResultsDirectory="77c30637-d74e-473d-a050-e1426dec5443" />
    <UnitTestResult executionId="bcdbfd68-38ef-44fb-baae-46751a72e505" testId="8e1673ef-6d8a-da1c-7538-54aedf9c3e7b" testName="RomM.Client.Tests.RomMCoreClientTests.Transport_SendAsync_maps_401_via_shipped_pipeline" computerName="PAYTON-LEGION2" duration="00:00:00.0015154" startTime="2026-09-15T16:45:22.1727474-05:00" endTime="2026-09-15T16:45:22.1739958-05:00" testType="13cdc9d9-ddb5-4fa4-a97d-d965ccfc6d4b" outcome="Passed" testListId="8c84fa94-04c1-424b-9868-57a2d4851a1d" relativeResultsDirectory="bcdbfd68-38ef-44fb-baae-46751a72e505" />
    <UnitTestResult executionId="ffbbf55e-8aff-4332-8a87-1879993f02bd" testId="b2855893-95a7-5166-7859-75150f42f6b6" testName="RomM.Client.Tests.CsdbIngestAndWorkflowTests.Sid_ingest_uses_HVSC_when_present" computerName="PAYTON-LEGION2" duration="00:00:00.0149865" startTime="2026-09-15T16:45:22.1580120-05:00" endTime="2026-09-15T16:45:22.1728427-05:00" testType="13cdc9d9-ddb5-4fa4-a97d-d965ccfc6d4b" outcome="Passed" testListId="8c84fa94-04c1-424b-9868-57a2d4851a1d" relativeResultsDirectory="ffbbf55e-8aff-4332-8a87-1879993f02bd" />
    <UnitTestResult executionId="d51c9f5e-4860-48c3-ac08-13e4c542ef8d" testId="6c21bf8e-0167-9bbc-c6f5-72ad344ccae5" testName="RomM.Client.Tests.RomMAuthHandlerTests.OAuthPassword_refreshes_when_access_near_expiry" computerName="PAYTON-LEGION2" duration="00:00:00.0069012" startTime="2026-09-15T16:45:22.1361717-05:00" endTime="2026-09-15T16:45:22.1430349-05:00" testType="13cdc9d9-ddb5-4fa4-a97d-d965ccfc6d4b" outcome="Passed" testListId="8c84fa94-04c1-424b-9868-57a2d4851a1d" relativeResultsDirectory="d51c9f5e-4860-48c3-ac08-13e4c542ef8d" />
    <UnitTestResult executionId="4fee31bf-30d2-43c9-8742-4513b284ed5f" testId="bd25e882-4a14-89c1-9eaa-ca5666c469a2" testName="RomM.Client.Tests.CsdbClientTests.Search_limit_over_50_throws_politeness" computerName="PAYTON-LEGION2" duration="00:00:00.0011320" startTime="2026-09-15T16:45:22.1334721-05:00" endTime="2026-09-15T16:45:22.1335336-05:00" testType="13cdc9d9-ddb5-4fa4-a97d-d965ccfc6d4b" outcome="Passed" testListId="8c84fa94-04c1-424b-9868-57a2d4851a1d" relativeResultsDirectory="4fee31bf-30d2-43c9-8742-4513b284ed5f" />
    <UnitTestResult executionId="4bdf6dd7-4a33-43ee-8b68-227d6cf25844" testId="a03d8df2-a338-61e3-84a9-d49273ca4fcc" testName="RomM.Client.Tests.RomMCoreClientTests.Heartbeat_deserializes_via_shipped_client" computerName="PAYTON-LEGION2" duration="00:00:00.0058644" startTime="2026-09-15T16:45:22.1742429-05:00" endTime="2026-09-15T16:45:22.1800006-05:00" testType="13cdc9d9-ddb5-4fa4-a97d-d965ccfc6d4b" outcome="Passed" testListId="8c84fa94-04c1-424b-9868-57a2d4851a1d" relativeResultsDirectory="4bdf6dd7-4a33-43ee-8b68-227d6cf25844" />
  </Results>
  <TestDefinitions>
    <UnitTest name="RomM.Client.Tests.OpenApiCoverageTests.Unknown_api_path_is_not_auto_covered" storage="f:\github\romm\tests\romm.client.tests\bin\release\net10.0\romm.client.tests.dll" id="14f614e6-ce92-54c6-ca9f-9d4ddbdc7cfd">
      <Execution id="c66d92c4-34f1-42e3-8f2c-a0295ce1cace" />
      <TestMethod codeBase="F:\GitHub\RomM\tests\RomM.Client.Tests\bin\Release\net10.0\RomM.Client.Tests.dll" adapterTypeName="executor://xunit/VsTestRunner3/netcore/" className="RomM.Client.Tests.OpenApiCoverageTests" name="Unknown_api_path_is_not_auto_covered" />
    </UnitTest>
    <UnitTest name="RomM.Client.Tests.OpenApiSnapshotTests.OpenApi_snapshot_is_romm_api_5" storage="f:\github\romm\tests\romm.client.tests\bin\release\net10.0\romm.client.tests.dll" id="cca9061f-2350-d9e0-7489-1cfca4bea696">
      <Execution id="ec663b64-60f5-4c82-a5d6-41e1982b68c9" />
      <TestMethod codeBase="F:\GitHub\RomM\tests\RomM.Client.Tests\bin\Release\net10.0\RomM.Client.Tests.dll" adapterTypeName="executor://xunit/VsTestRunner3/netcore/" className="RomM.Client.Tests.OpenApiSnapshotTests" name="OpenApi_snapshot_is_romm_api_5" />
    </UnitTest>
    <UnitTest name="RomM.Client.Tests.CsdbLibraryOptionsTests.Validate_throws_when_LibraryRomsRoot_missing" storage="f:\github\romm\tests\romm.client.tests\bin\release\net10.0\romm.client.tests.dll" id="2f8b26ae-62b8-668b-07f8-e501a5c52d9a">
      <Execution id="94d80e96-b38d-4d3b-8d00-bc9524e25c8d" />
      <TestMethod codeBase="F:\GitHub\RomM\tests\RomM.Client.Tests\bin\Release\net10.0\RomM.Client.Tests.dll" adapterTypeName="executor://xunit/VsTestRunner3/netcore/" className="RomM.Client.Tests.CsdbLibraryOptionsTests" name="Validate_throws_when_LibraryRomsRoot_missing" />
    </UnitTest>
    <UnitTest name="RomM.Client.Tests.RomMAuthHandlerTests.OAuthPassword_refreshes_when_access_near_expiry" storage="f:\github\romm\tests\romm.client.tests\bin\release\net10.0\romm.client.tests.dll" id="6c21bf8e-0167-9bbc-c6f5-72ad344ccae5">
      <Execution id="d51c9f5e-4860-48c3-ac08-13e4c542ef8d" />
      <TestMethod codeBase="F:\GitHub\RomM\tests\RomM.Client.Tests\bin\Release\net10.0\RomM.Client.Tests.dll" adapterTypeName="executor://xunit/VsTestRunner3/netcore/" className="RomM.Client.Tests.RomMAuthHandlerTests" name="OAuthPassword_refreshes_when_access_near_expiry" />
    </UnitTest>
    <UnitTest name="RomM.Client.Tests.CsdbClientTests.Classifier_always_uses_c64_platform_and_tags" storage="f:\github\romm\tests\romm.client.tests\bin\release\net10.0\romm.client.tests.dll" id="4e6c0451-7c16-ba88-b7ec-a576c21b51c1">
      <Execution id="bc7b1d00-a690-4b5b-bede-3b5761b7fbfe" />
      <TestMethod codeBase="F:\GitHub\RomM\tests\RomM.Client.Tests\bin\Release\net10.0\RomM.Client.Tests.dll" adapterTypeName="executor://xunit/VsTestRunner3/netcore/" className="RomM.Client.Tests.CsdbClientTests" name="Classifier_always_uses_c64_platform_and_tags" />
    </UnitTest>
    <UnitTest name="RomM.Client.Tests.RomMAuthHandlerTests.OAuthPassword_reuses_valid_stored_token_without_grant" storage="f:\github\romm\tests\romm.client.tests\bin\release\net10.0\romm.client.tests.dll" id="f550a624-c01b-1c0b-843e-eb95533c2f7d">
      <Execution id="7a499aa9-ae77-4b1b-bafb-dd74dabe68b9" />
      <TestMethod codeBase="F:\GitHub\RomM\tests\RomM.Client.Tests\bin\Release\net10.0\RomM.Client.Tests.dll" adapterTypeName="executor://xunit/VsTestRunner3/netcore/" className="RomM.Client.Tests.RomMAuthHandlerTests" name="OAuthPassword_reuses_valid_stored_token_without_grant" />
    </UnitTest>
    <UnitTest name="RomM.Client.Tests.RomMAuthHandlerTests.Basic_attaches_Basic_Authorization" storage="f:\github\romm\tests\romm.client.tests\bin\release\net10.0\romm.client.tests.dll" id="14fae250-4f34-2b6a-6197-91dca59d5b59">
      <Execution id="2107f4fb-b708-4592-b26e-1e7fbc9f9516" />
      <TestMethod codeBase="F:\GitHub\RomM\tests\RomM.Client.Tests\bin\Release\net10.0\RomM.Client.Tests.dll" adapterTypeName="executor://xunit/VsTestRunner3/netcore/" className="RomM.Client.Tests.RomMAuthHandlerTests" name="Basic_attaches_Basic_Authorization" />
    </UnitTest>
    <UnitTest name="RomM.Client.Tests.RomMCoreClientTests.Roms_List_builds_query_and_Enumerate_stops" storage="f:\github\romm\tests\romm.client.tests\bin\release\net10.0\romm.client.tests.dll" id="dc00959c-3448-b4f8-9bad-42c8fec17993">
      <Execution id="f852db0a-7ad8-460b-93bb-d6c0c67224f9" />
      <TestMethod codeBase="F:\GitHub\RomM\tests\RomM.Client.Tests\bin\Release\net10.0\RomM.Client.Tests.dll" adapterTypeName="executor://xunit/VsTestRunner3/netcore/" className="RomM.Client.Tests.RomMCoreClientTests" name="Roms_List_builds_query_and_Enumerate_stops" />
    </UnitTest>
    <UnitTest name="RomM.Client.Tests.RomMClientOptionsTests.Validate_throws_when_BaseAddress_missing" storage="f:\github\romm\tests\romm.client.tests\bin\release\net10.0\romm.client.tests.dll" id="5faa81d5-7ec0-9db9-956b-48dc6f211ac3">
      <Execution id="8f69e0b8-2abb-4e85-8036-3eef1fe73ec8" />
      <TestMethod codeBase="F:\GitHub\RomM\tests\RomM.Client.Tests\bin\Release\net10.0\RomM.Client.Tests.dll" adapterTypeName="executor://xunit/VsTestRunner3/netcore/" className="RomM.Client.Tests.RomMClientOptionsTests" name="Validate_throws_when_BaseAddress_missing" />
    </UnitTest>
    <UnitTest name="RomM.Client.Tests.RomMClientOptionsTests.Validate_succeeds_when_BaseAddress_set" storage="f:\github\romm\tests\romm.client.tests\bin\release\net10.0\romm.client.tests.dll" id="7c573812-09fa-a871-f6ab-c67445674832">
      <Execution id="5c0d4d3f-b417-4095-b8fc-9b56c7d83b01" />
      <TestMethod codeBase="F:\GitHub\RomM\tests\RomM.Client.Tests\bin\Release\net10.0\RomM.Client.Tests.dll" adapterTypeName="executor://xunit/VsTestRunner3/netcore/" className="RomM.Client.Tests.RomMClientOptionsTests" name="Validate_succeeds_when_BaseAddress_set" />
    </UnitTest>
    <UnitTest name="RomM.Client.Tests.CsdbIngestAndWorkflowTests.Workflow_scans_only_after_successful_ingest" storage="f:\github\romm\tests\romm.client.tests\bin\release\net10.0\romm.client.tests.dll" id="3fd0ee22-6728-05ef-42df-af1de47b1061">
      <Execution id="c3ae93fb-7bfa-4eb4-b5e0-db31eee8d615" />
      <TestMethod codeBase="F:\GitHub\RomM\tests\RomM.Client.Tests\bin\Release\net10.0\RomM.Client.Tests.dll" adapterTypeName="executor://xunit/VsTestRunner3/netcore/" className="RomM.Client.Tests.CsdbIngestAndWorkflowTests" name="Workflow_scans_only_after_successful_ingest" />
    </UnitTest>
    <UnitTest name="RomM.Client.Tests.RomMAuthHandlerTests.OAuth_does_not_post_secrets_to_foreign_host" storage="f:\github\romm\tests\romm.client.tests\bin\release\net10.0\romm.client.tests.dll" id="a77fb601-c893-c005-a183-15b20b67de51">
      <Execution id="2351ce6f-3862-44fd-ae6a-65ea6a99cf7b" />
      <TestMethod codeBase="F:\GitHub\RomM\tests\RomM.Client.Tests\bin\Release\net10.0\RomM.Client.Tests.dll" adapterTypeName="executor://xunit/VsTestRunner3/netcore/" className="RomM.Client.Tests.RomMAuthHandlerTests" name="OAuth_does_not_post_secrets_to_foreign_host" />
    </UnitTest>
    <UnitTest name="RomM.Client.Tests.OpenApiSnapshotTests.OpenApi_snapshot_has_expected_core_paths" storage="f:\github\romm\tests\romm.client.tests\bin\release\net10.0\romm.client.tests.dll" id="eac8340a-58ba-08fa-3790-92e2c5614e8f">
      <Execution id="ab733755-8f8e-43e4-9022-cc4c58adb754" />
      <TestMethod codeBase="F:\GitHub\RomM\tests\RomM.Client.Tests\bin\Release\net10.0\RomM.Client.Tests.dll" adapterTypeName="executor://xunit/VsTestRunner3/netcore/" className="RomM.Client.Tests.OpenApiSnapshotTests" name="OpenApi_snapshot_has_expected_core_paths" />
    </UnitTest>
    <UnitTest name="RomM.Client.Tests.RomMCoreClientTests.Enumerate_does_not_yield_after_cancellation" storage="f:\github\romm\tests\romm.client.tests\bin\release\net10.0\romm.client.tests.dll" id="d258e795-f9e1-65e0-4054-42ea32f4319d">
      <Execution id="47863881-02c3-4c6a-9703-57704713a2ac" />
      <TestMethod codeBase="F:\GitHub\RomM\tests\RomM.Client.Tests\bin\Release\net10.0\RomM.Client.Tests.dll" adapterTypeName="executor://xunit/VsTestRunner3/netcore/" className="RomM.Client.Tests.RomMCoreClientTests" name="Enumerate_does_not_yield_after_cancellation" />
    </UnitTest>
    <UnitTest name="RomM.Client.Tests.OpenApiCoverageTests.IRomMClient_exposes_core_entry_points" storage="f:\github\romm\tests\romm.client.tests\bin\release\net10.0\romm.client.tests.dll" id="bca5fe18-c232-a97a-dd14-20c61833177c">
      <Execution id="686bf874-408a-4aff-9d65-6dd01bc22a12" />
      <TestMethod codeBase="F:\GitHub\RomM\tests\RomM.Client.Tests\bin\Release\net10.0\RomM.Client.Tests.dll" adapterTypeName="executor://xunit/VsTestRunner3/netcore/" className="RomM.Client.Tests.OpenApiCoverageTests" name="IRomMClient_exposes_core_entry_points" />
    </UnitTest>
    <UnitTest name="RomM.Client.Tests.CsdbLibraryOptionsTests.Validate_enforces_MaxSearchLimit_ceiling_of_50" storage="f:\github\romm\tests\romm.client.tests\bin\release\net10.0\romm.client.tests.dll" id="7abb677c-4840-2413-908f-c6a5e239e14a">
      <Execution id="758f6854-bc28-4b03-b37b-cdd5fff83f50" />
      <TestMethod codeBase="F:\GitHub\RomM\tests\RomM.Client.Tests\bin\Release\net10.0\RomM.Client.Tests.dll" adapterTypeName="executor://xunit/VsTestRunner3/netcore/" className="RomM.Client.Tests.CsdbLibraryOptionsTests" name="Validate_enforces_MaxSearchLimit_ceiling_of_50" />
    </UnitTest>
    <UnitTest name="RomM.Client.Tests.CsdbIngestAndWorkflowTests.Ingest_over_MaxIngestBatch_throws" storage="f:\github\romm\tests\romm.client.tests\bin\release\net10.0\romm.client.tests.dll" id="198ee733-ca1e-6891-8b8a-b2567566f718">
      <Execution id="2677542b-7d00-4528-bd15-8491cc3098ed" />
      <TestMethod codeBase="F:\GitHub\RomM\tests\RomM.Client.Tests\bin\Release\net10.0\RomM.Client.Tests.dll" adapterTypeName="executor://xunit/VsTestRunner3/netcore/" className="RomM.Client.Tests.CsdbIngestAndWorkflowTests" name="Ingest_over_MaxIngestBatch_throws" />
    </UnitTest>
    <UnitTest name="RomM.Client.Tests.RomMCoreClientTests.Transport_SendAsync_maps_401_via_shipped_pipeline" storage="f:\github\romm\tests\romm.client.tests\bin\release\net10.0\romm.client.tests.dll" id="8e1673ef-6d8a-da1c-7538-54aedf9c3e7b">
      <Execution id="bcdbfd68-38ef-44fb-baae-46751a72e505" />
      <TestMethod codeBase="F:\GitHub\RomM\tests\RomM.Client.Tests\bin\Release\net10.0\RomM.Client.Tests.dll" adapterTypeName="executor://xunit/VsTestRunner3/netcore/" className="RomM.Client.Tests.RomMCoreClientTests" name="Transport_SendAsync_maps_401_via_shipped_pipeline" />
    </UnitTest>
    <UnitTest name="RomM.Client.Tests.RomListQueryTests.ToQueryString_encodes_search_platform_limit_offset" storage="f:\github\romm\tests\romm.client.tests\bin\release\net10.0\romm.client.tests.dll" id="77082fb8-5fdb-aa16-ef52-1ddc27870671">
      <Execution id="33473a19-730e-4093-879a-705f00d6cf8e" />
      <TestMethod codeBase="F:\GitHub\RomM\tests\RomM.Client.Tests\bin\Release\net10.0\RomM.Client.Tests.dll" adapterTypeName="executor://xunit/VsTestRunner3/netcore/" className="RomM.Client.Tests.RomListQueryTests" name="ToQueryString_encodes_search_platform_limit_offset" />
    </UnitTest>
    <UnitTest name="RomM.Client.Tests.CsdbClientTests.Search_parses_fixture_html_and_enforces_limit" storage="f:\github\romm\tests\romm.client.tests\bin\release\net10.0\romm.client.tests.dll" id="aff07656-351f-304c-2570-46facbf848b8">
      <Execution id="9b7ea916-55ac-43d5-b98a-d41802214ca2" />
      <TestMethod codeBase="F:\GitHub\RomM\tests\RomM.Client.Tests\bin\Release\net10.0\RomM.Client.Tests.dll" adapterTypeName="executor://xunit/VsTestRunner3/netcore/" className="RomM.Client.Tests.CsdbClientTests" name="Search_parses_fixture_html_and_enforces_limit" />
    </UnitTest>
    <UnitTest name="RomM.Client.Tests.RomMCoreClientTests.Heartbeat_deserializes_via_shipped_client" storage="f:\github\romm\tests\romm.client.tests\bin\release\net10.0\romm.client.tests.dll" id="a03d8df2-a338-61e3-84a9-d49273ca4fcc">
      <Execution id="4bdf6dd7-4a33-43ee-8b68-227d6cf25844" />
      <TestMethod codeBase="F:\GitHub\RomM\tests\RomM.Client.Tests\bin\Release\net10.0\RomM.Client.Tests.dll" adapterTypeName="executor://xunit/VsTestRunner3/netcore/" className="RomM.Client.Tests.RomMCoreClientTests" name="Heartbeat_deserializes_via_shipped_client" />
    </UnitTest>
    <UnitTest name="RomM.Client.Tests.RomMHttpExceptionMappingTests.EnsureSuccess_maps_403_to_RomMForbiddenException" storage="f:\github\romm\tests\romm.client.tests\bin\release\net10.0\romm.client.tests.dll" id="a1f716a5-f1c9-cf69-63a7-7446a7602535">
      <Execution id="20e66c91-f712-42f1-983c-0a3f908a0fdf" />
      <TestMethod codeBase="F:\GitHub\RomM\tests\RomM.Client.Tests\bin\Release\net10.0\RomM.Client.Tests.dll" adapterTypeName="executor://xunit/VsTestRunner3/netcore/" className="RomM.Client.Tests.RomMHttpExceptionMappingTests" name="EnsureSuccess_maps_403_to_RomMForbiddenException" />
    </UnitTest>
    <UnitTest name="RomM.Client.Tests.OpenApiSnapshotTests.OpenApi_path_inventory_has_at_least_100_paths" storage="f:\github\romm\tests\romm.client.tests\bin\release\net10.0\romm.client.tests.dll" id="a58f0770-ea18-f648-d614-bf00fed1abe0">
      <Execution id="431363b8-ce76-4190-aab9-b84959620de9" />
      <TestMethod codeBase="F:\GitHub\RomM\tests\RomM.Client.Tests\bin\Release\net10.0\RomM.Client.Tests.dll" adapterTypeName="executor://xunit/VsTestRunner3/netcore/" className="RomM.Client.Tests.OpenApiSnapshotTests" name="OpenApi_path_inventory_has_at_least_100_paths" />
    </UnitTest>
    <UnitTest name="RomM.Client.Tests.CsdbClientTests.Search_limit_over_50_throws_politeness" storage="f:\github\romm\tests\romm.client.tests\bin\release\net10.0\romm.client.tests.dll" id="bd25e882-4a14-89c1-9eaa-ca5666c469a2">
      <Execution id="4fee31bf-30d2-43c9-8742-4513b284ed5f" />
      <TestMethod codeBase="F:\GitHub\RomM\tests\RomM.Client.Tests\bin\Release\net10.0\RomM.Client.Tests.dll" adapterTypeName="executor://xunit/VsTestRunner3/netcore/" className="RomM.Client.Tests.CsdbClientTests" name="Search_limit_over_50_throws_politeness" />
    </UnitTest>
    <UnitTest name="RomM.Client.Tests.CsdbIngestAndWorkflowTests.Ingest_skips_when_exists_unless_force" storage="f:\github\romm\tests\romm.client.tests\bin\release\net10.0\romm.client.tests.dll" id="7d3e8733-b663-67cc-4f55-0bc1bc574227">
      <Execution id="0bdc689e-fc43-41fc-9063-16a6170bf44e" />
      <TestMethod codeBase="F:\GitHub\RomM\tests\RomM.Client.Tests\bin\Release\net10.0\RomM.Client.Tests.dll" adapterTypeName="executor://xunit/VsTestRunner3/netcore/" className="RomM.Client.Tests.CsdbIngestAndWorkflowTests" name="Ingest_skips_when_exists_unless_force" />
    </UnitTest>
    <UnitTest name="RomM.Client.Tests.RomMAuthHandlerTests.RomMClientOptions_can_hold_Auth_and_Validate_still_requires_BaseAddress" storage="f:\github\romm\tests\romm.client.tests\bin\release\net10.0\romm.client.tests.dll" id="11c41a4f-c2c1-c14a-834e-d221868aac50">
      <Execution id="dd85a9d3-032c-4e24-92b7-2fbcf38ef2e6" />
      <TestMethod codeBase="F:\GitHub\RomM\tests\RomM.Client.Tests\bin\Release\net10.0\RomM.Client.Tests.dll" adapterTypeName="executor://xunit/VsTestRunner3/netcore/" className="RomM.Client.Tests.RomMAuthHandlerTests" name="RomMClientOptions_can_hold_Auth_and_Validate_still_requires_BaseAddress" />
    </UnitTest>
    <UnitTest name="RomM.Client.Tests.RomMCoreClientTests.Platforms_List_and_Get_use_shipped_clients" storage="f:\github\romm\tests\romm.client.tests\bin\release\net10.0\romm.client.tests.dll" id="0cfd7d28-6208-8120-a4fb-6ff49163aadd">
      <Execution id="ac016027-9769-4e56-8a17-60a7061a2073" />
      <TestMethod codeBase="F:\GitHub\RomM\tests\RomM.Client.Tests\bin\Release\net10.0\RomM.Client.Tests.dll" adapterTypeName="executor://xunit/VsTestRunner3/netcore/" className="RomM.Client.Tests.RomMCoreClientTests" name="Platforms_List_and_Get_use_shipped_clients" />
    </UnitTest>
    <UnitTest name="RomM.Client.Tests.RomMHttpExceptionMappingTests.RomMApiException_message_does_not_include_caller_secrets" storage="f:\github\romm\tests\romm.client.tests\bin\release\net10.0\romm.client.tests.dll" id="c6f94a02-a424-8ed4-ea52-25c9e342868b">
      <Execution id="bea05bd7-1c4a-4e25-a9c6-172ddca5ea55" />
      <TestMethod codeBase="F:\GitHub\RomM\tests\RomM.Client.Tests\bin\Release\net10.0\RomM.Client.Tests.dll" adapterTypeName="executor://xunit/VsTestRunner3/netcore/" className="RomM.Client.Tests.RomMHttpExceptionMappingTests" name="RomMApiException_message_does_not_include_caller_secrets" />
    </UnitTest>
    <UnitTest name="RomM.Client.Tests.RomMHttpExceptionMappingTests.EnsureSuccess_does_not_throw_on_2xx" storage="f:\github\romm\tests\romm.client.tests\bin\release\net10.0\romm.client.tests.dll" id="6020f0e6-7af5-1fd3-91e4-28f539975b8a">
      <Execution id="809bb7f5-7b07-4cf7-928a-a030be823717" />
      <TestMethod codeBase="F:\GitHub\RomM\tests\RomM.Client.Tests\bin\Release\net10.0\RomM.Client.Tests.dll" adapterTypeName="executor://xunit/VsTestRunner3/netcore/" className="RomM.Client.Tests.RomMHttpExceptionMappingTests" name="EnsureSuccess_does_not_throw_on_2xx" />
    </UnitTest>
    <UnitTest name="RomM.Client.Tests.CsdbLibraryOptionsTests.Validate_succeeds_with_defaults" storage="f:\github\romm\tests\romm.client.tests\bin\release\net10.0\romm.client.tests.dll" id="cab53d99-778b-8f9c-22fe-9eca49f35681">
      <Execution id="f52fd577-082f-488f-9111-a949a97823d7" />
      <TestMethod codeBase="F:\GitHub\RomM\tests\RomM.Client.Tests\bin\Release\net10.0\RomM.Client.Tests.dll" adapterTypeName="executor://xunit/VsTestRunner3/netcore/" className="RomM.Client.Tests.CsdbLibraryOptionsTests" name="Validate_succeeds_with_defaults" />
    </UnitTest>
    <UnitTest name="RomM.Client.Tests.CsdbIngestAndWorkflowTests.Ingest_empty_selection_throws" storage="f:\github\romm\tests\romm.client.tests\bin\release\net10.0\romm.client.tests.dll" id="5e9a813e-bb02-a670-23a5-a9af21b95c10">
      <Execution id="7d060681-2d1e-48d2-9ecc-8e5a88c4f44f" />
      <TestMethod codeBase="F:\GitHub\RomM\tests\RomM.Client.Tests\bin\Release\net10.0\RomM.Client.Tests.dll" adapterTypeName="executor://xunit/VsTestRunner3/netcore/" className="RomM.Client.Tests.CsdbIngestAndWorkflowTests" name="Ingest_empty_selection_throws" />
    </UnitTest>
    <UnitTest name="RomM.Client.Tests.RomMHttpExceptionMappingTests.RomMScopes_constants_match_OpenApi_password_flow_scopes" storage="f:\github\romm\tests\romm.client.tests\bin\release\net10.0\romm.client.tests.dll" id="271f0989-4ed3-00aa-4b15-58c029fac441">
      <Execution id="a069109a-b444-4f3d-9c56-a2ccc80a164c" />
      <TestMethod codeBase="F:\GitHub\RomM\tests\RomM.Client.Tests\bin\Release\net10.0\RomM.Client.Tests.dll" adapterTypeName="executor://xunit/VsTestRunner3/netcore/" className="RomM.Client.Tests.RomMHttpExceptionMappingTests" name="RomMScopes_constants_match_OpenApi_password_flow_scopes" />
    </UnitTest>
    <UnitTest name="RomM.Client.Tests.CsdbClientTests.GetRelease_parses_webservice_xml" storage="f:\github\romm\tests\romm.client.tests\bin\release\net10.0\romm.client.tests.dll" id="7df0fbd1-13b5-904b-e811-c425ae6a0b58">
      <Execution id="7faffe53-e232-4de9-9326-b4a7118b6b8c" />
      <TestMethod codeBase="F:\GitHub\RomM\tests\RomM.Client.Tests\bin\Release\net10.0\RomM.Client.Tests.dll" adapterTypeName="executor://xunit/VsTestRunner3/netcore/" className="RomM.Client.Tests.CsdbClientTests" name="GetRelease_parses_webservice_xml" />
    </UnitTest>
    <UnitTest name="RomM.Client.Tests.OpenApiCoverageTests.Every_openapi_path_is_typed_or_transport_allowlisted" storage="f:\github\romm\tests\romm.client.tests\bin\release\net10.0\romm.client.tests.dll" id="e761ec0c-6034-0b69-1435-06dccb250bec">
      <Execution id="6a6ce445-1d1c-436c-bb26-1e9271b83be4" />
      <TestMethod codeBase="F:\GitHub\RomM\tests\RomM.Client.Tests\bin\Release\net10.0\RomM.Client.Tests.dll" adapterTypeName="executor://xunit/VsTestRunner3/netcore/" className="RomM.Client.Tests.OpenApiCoverageTests" name="Every_openapi_path_is_typed_or_transport_allowlisted" />
    </UnitTest>
    <UnitTest name="RomM.Client.Tests.RomMHttpExceptionMappingTests.EnsureSuccess_maps_other_errors_to_RomMApiException" storage="f:\github\romm\tests\romm.client.tests\bin\release\net10.0\romm.client.tests.dll" id="64c0160a-f13c-ff39-1c95-5c484fda45cf">
      <Execution id="0804ff98-08e3-4b2a-879e-ee542b9cb041" />
      <TestMethod codeBase="F:\GitHub\RomM\tests\RomM.Client.Tests\bin\Release\net10.0\RomM.Client.Tests.dll" adapterTypeName="executor://xunit/VsTestRunner3/netcore/" className="RomM.Client.Tests.RomMHttpExceptionMappingTests" name="EnsureSuccess_maps_other_errors_to_RomMApiException" />
    </UnitTest>
    <UnitTest name="RomM.Client.Tests.RomMAuthHandlerTests.OAuthPassword_refresh_failure_throws_RomMAuthException" storage="f:\github\romm\tests\romm.client.tests\bin\release\net10.0\romm.client.tests.dll" id="e291397b-ec5c-2c82-8634-5221bfe87479">
      <Execution id="0362f1ac-64d2-4678-a589-39a238640acc" />
      <TestMethod codeBase="F:\GitHub\RomM\tests\RomM.Client.Tests\bin\Release\net10.0\RomM.Client.Tests.dll" adapterTypeName="executor://xunit/VsTestRunner3/netcore/" className="RomM.Client.Tests.RomMAuthHandlerTests" name="OAuthPassword_refresh_failure_throws_RomMAuthException" />
    </UnitTest>
    <UnitTest name="RomM.Client.Tests.RomMCoreClientTests.DownloadContent_uses_ResponseHeadersRead_path" storage="f:\github\romm\tests\romm.client.tests\bin\release\net10.0\romm.client.tests.dll" id="202fcb21-c987-9c7e-2170-05364cdbf495">
      <Execution id="1f57c2c6-0466-4b86-8b0a-21b6bbd24a5e" />
      <TestMethod codeBase="F:\GitHub\RomM\tests\RomM.Client.Tests\bin\Release\net10.0\RomM.Client.Tests.dll" adapterTypeName="executor://xunit/VsTestRunner3/netcore/" className="RomM.Client.Tests.RomMCoreClientTests" name="DownloadContent_uses_ResponseHeadersRead_path" />
    </UnitTest>
    <UnitTest name="RomM.Client.Tests.RomMCoreClientTests.Heartbeat_top_level_VERSION_is_not_the_live_contract" storage="f:\github\romm\tests\romm.client.tests\bin\release\net10.0\romm.client.tests.dll" id="e6d01e26-1353-7187-12b9-70d1e8e52055">
      <Execution id="6d11d9e9-e3a4-4fd0-b532-dc373f4de707" />
      <TestMethod codeBase="F:\GitHub\RomM\tests\RomM.Client.Tests\bin\Release\net10.0\RomM.Client.Tests.dll" adapterTypeName="executor://xunit/VsTestRunner3/netcore/" className="RomM.Client.Tests.RomMCoreClientTests" name="Heartbeat_top_level_VERSION_is_not_the_live_contract" />
    </UnitTest>
    <UnitTest name="RomM.Client.Tests.CsdbLibraryOptionsTests.ClampSearchLimit_refuses_over_max" storage="f:\github\romm\tests\romm.client.tests\bin\release\net10.0\romm.client.tests.dll" id="ca1f86f1-8514-15ee-f26a-2af71938f104">
      <Execution id="0086459c-0578-48e2-8477-db0d3dcd966d" />
      <TestMethod codeBase="F:\GitHub\RomM\tests\RomM.Client.Tests\bin\Release\net10.0\RomM.Client.Tests.dll" adapterTypeName="executor://xunit/VsTestRunner3/netcore/" className="RomM.Client.Tests.CsdbLibraryOptionsTests" name="ClampSearchLimit_refuses_over_max" />
    </UnitTest>
    <UnitTest name="RomM.Client.Tests.RomMAuthHandlerTests.OAuthPassword_grants_token_stores_and_uses_Bearer" storage="f:\github\romm\tests\romm.client.tests\bin\release\net10.0\romm.client.tests.dll" id="f6519dd6-540d-8a55-c14b-3fec552d33b0">
      <Execution id="08c05aed-3a53-4361-86e4-ef613fbffd28" />
      <TestMethod codeBase="F:\GitHub\RomM\tests\RomM.Client.Tests\bin\Release\net10.0\RomM.Client.Tests.dll" adapterTypeName="executor://xunit/VsTestRunner3/netcore/" className="RomM.Client.Tests.RomMAuthHandlerTests" name="OAuthPassword_grants_token_stores_and_uses_Bearer" />
    </UnitTest>
    <UnitTest name="RomM.Client.Tests.CsdbClientTests.Rate_limiter_delays_second_request" storage="f:\github\romm\tests\romm.client.tests\bin\release\net10.0\romm.client.tests.dll" id="f610abda-5016-d935-7693-fd5f5f97291f">
      <Execution id="77c30637-d74e-473d-a050-e1426dec5443" />
      <TestMethod codeBase="F:\GitHub\RomM\tests\RomM.Client.Tests\bin\Release\net10.0\RomM.Client.Tests.dll" adapterTypeName="executor://xunit/VsTestRunner3/netcore/" className="RomM.Client.Tests.CsdbClientTests" name="Rate_limiter_delays_second_request" />
    </UnitTest>
    <UnitTest name="RomM.Client.Tests.RomMCoreClientTests.Tasks_Run_Wait_and_ScanLibrary_use_shipped_Tasks_client" storage="f:\github\romm\tests\romm.client.tests\bin\release\net10.0\romm.client.tests.dll" id="c108187f-b38f-f5b6-1ba1-1cb53f731316">
      <Execution id="6d414cd4-6fc2-4173-abf5-12bce39618ef" />
      <TestMethod codeBase="F:\GitHub\RomM\tests\RomM.Client.Tests\bin\Release\net10.0\RomM.Client.Tests.dll" adapterTypeName="executor://xunit/VsTestRunner3/netcore/" className="RomM.Client.Tests.RomMCoreClientTests" name="Tasks_Run_Wait_and_ScanLibrary_use_shipped_Tasks_client" />
    </UnitTest>
    <UnitTest name="RomM.Client.Tests.CsdbLibraryOptionsTests.ClampSearchLimit_accepts_within_max" storage="f:\github\romm\tests\romm.client.tests\bin\release\net10.0\romm.client.tests.dll" id="646ac50d-8b85-75fa-6e1a-0e1210952916">
      <Execution id="3fdff5cb-f95a-46b8-ae44-cced192a7f78" />
      <TestMethod codeBase="F:\GitHub\RomM\tests\RomM.Client.Tests\bin\Release\net10.0\RomM.Client.Tests.dll" adapterTypeName="executor://xunit/VsTestRunner3/netcore/" className="RomM.Client.Tests.CsdbLibraryOptionsTests" name="ClampSearchLimit_accepts_within_max" />
    </UnitTest>
    <UnitTest name="RomM.Client.Tests.CsdbIngestAndWorkflowTests.Ingest_writes_only_under_c64_with_csdb_tag" storage="f:\github\romm\tests\romm.client.tests\bin\release\net10.0\romm.client.tests.dll" id="4f9323ac-8348-0112-f75a-660d6e755ab4">
      <Execution id="e9124675-17d9-4988-a98a-9659e33d3933" />
      <TestMethod codeBase="F:\GitHub\RomM\tests\RomM.Client.Tests\bin\Release\net10.0\RomM.Client.Tests.dll" adapterTypeName="executor://xunit/VsTestRunner3/netcore/" className="RomM.Client.Tests.CsdbIngestAndWorkflowTests" name="Ingest_writes_only_under_c64_with_csdb_tag" />
    </UnitTest>
    <UnitTest name="RomM.Client.Tests.RomMAuthHandlerTests.OAuthPassword_relative_expires_reused_on_second_request_without_token_call" storage="f:\github\romm\tests\romm.client.tests\bin\release\net10.0\romm.client.tests.dll" id="66ce23ea-70ae-b3ec-8c07-0e64cd589b40">
      <Execution id="1119a8da-a849-4b8b-b49c-6ad2fb55567a" />
      <TestMethod codeBase="F:\GitHub\RomM\tests\RomM.Client.Tests\bin\Release\net10.0\RomM.Client.Tests.dll" adapterTypeName="executor://xunit/VsTestRunner3/netcore/" className="RomM.Client.Tests.RomMAuthHandlerTests" name="OAuthPassword_relative_expires_reused_on_second_request_without_token_call" />
    </UnitTest>
    <UnitTest name="RomM.Client.Tests.RomMCoreClientTests.Task_status_finished_is_terminal_success" storage="f:\github\romm\tests\romm.client.tests\bin\release\net10.0\romm.client.tests.dll" id="abbeb7f1-319b-e626-bcf2-2726e1144c15">
      <Execution id="bf569e09-e4cc-462c-a591-1ef578a1d0e5" />
      <TestMethod codeBase="F:\GitHub\RomM\tests\RomM.Client.Tests\bin\Release\net10.0\RomM.Client.Tests.dll" adapterTypeName="executor://xunit/VsTestRunner3/netcore/" className="RomM.Client.Tests.RomMCoreClientTests" name="Task_status_finished_is_terminal_success" />
    </UnitTest>
    <UnitTest name="RomM.Client.Tests.RomMAuthHandlerTests.ClientApiToken_does_not_attach_to_foreign_host" storage="f:\github\romm\tests\romm.client.tests\bin\release\net10.0\romm.client.tests.dll" id="ef663119-7730-593e-e1fb-9ad8c6bca612">
      <Execution id="9a8f8fb0-c59f-4af1-aa18-441484e18e57" />
      <TestMethod codeBase="F:\GitHub\RomM\tests\RomM.Client.Tests\bin\Release\net10.0\RomM.Client.Tests.dll" adapterTypeName="executor://xunit/VsTestRunner3/netcore/" className="RomM.Client.Tests.RomMAuthHandlerTests" name="ClientApiToken_does_not_attach_to_foreign_host" />
    </UnitTest>
    <UnitTest name="RomM.Client.Tests.RomMHttpExceptionMappingTests.EnsureSuccess_maps_401_to_RomMAuthException" storage="f:\github\romm\tests\romm.client.tests\bin\release\net10.0\romm.client.tests.dll" id="cbb0adce-54be-7697-6562-801a14037c0d">
      <Execution id="fea99cdd-d80c-4354-8715-115f0fa0dcd5" />
      <TestMethod codeBase="F:\GitHub\RomM\tests\RomM.Client.Tests\bin\Release\net10.0\RomM.Client.Tests.dll" adapterTypeName="executor://xunit/VsTestRunner3/netcore/" className="RomM.Client.Tests.RomMHttpExceptionMappingTests" name="EnsureSuccess_maps_401_to_RomMAuthException" />
    </UnitTest>
    <UnitTest name="RomM.Client.Tests.RomMClientOptionsTests.Validate_normalizes_BaseAddress_trailing_slash" storage="f:\github\romm\tests\romm.client.tests\bin\release\net10.0\romm.client.tests.dll" id="41650140-8897-de79-90cf-b7fec7552639">
      <Execution id="2a029d31-2bb2-4aa4-8cd6-a1f5782b9b71" />
      <TestMethod codeBase="F:\GitHub\RomM\tests\RomM.Client.Tests\bin\Release\net10.0\RomM.Client.Tests.dll" adapterTypeName="executor://xunit/VsTestRunner3/netcore/" className="RomM.Client.Tests.RomMClientOptionsTests" name="Validate_normalizes_BaseAddress_trailing_slash" />
    </UnitTest>
    <UnitTest name="RomM.Client.Tests.CsdbIngestAndWorkflowTests.Sid_ingest_uses_HVSC_when_present" storage="f:\github\romm\tests\romm.client.tests\bin\release\net10.0\romm.client.tests.dll" id="b2855893-95a7-5166-7859-75150f42f6b6">
      <Execution id="ffbbf55e-8aff-4332-8a87-1879993f02bd" />
      <TestMethod codeBase="F:\GitHub\RomM\tests\RomM.Client.Tests\bin\Release\net10.0\RomM.Client.Tests.dll" adapterTypeName="executor://xunit/VsTestRunner3/netcore/" className="RomM.Client.Tests.CsdbIngestAndWorkflowTests" name="Sid_ingest_uses_HVSC_when_present" />
    </UnitTest>
    <UnitTest name="RomM.Client.Tests.RomMCoreClientTests.Enumerate_continues_when_total_is_omitted" storage="f:\github\romm\tests\romm.client.tests\bin\release\net10.0\romm.client.tests.dll" id="8885f119-3620-ab4e-8187-6241258ff743">
      <Execution id="0f42581f-c384-4fd1-9c84-b44b9c3cca9e" />
      <TestMethod codeBase="F:\GitHub\RomM\tests\RomM.Client.Tests\bin\Release\net10.0\RomM.Client.Tests.dll" adapterTypeName="executor://xunit/VsTestRunner3/netcore/" className="RomM.Client.Tests.RomMCoreClientTests" name="Enumerate_continues_when_total_is_omitted" />
    </UnitTest>
    <UnitTest name="RomM.Client.Tests.RomMAuthHandlerTests.ClientApiToken_attaches_Bearer_Authorization" storage="f:\github\romm\tests\romm.client.tests\bin\release\net10.0\romm.client.tests.dll" id="5fdef6ad-4558-dc9f-8b3d-95aa79defca3">
      <Execution id="af645519-1c79-4f34-8217-b56694afd57b" />
      <TestMethod codeBase="F:\GitHub\RomM\tests\RomM.Client.Tests\bin\Release\net10.0\RomM.Client.Tests.dll" adapterTypeName="executor://xunit/VsTestRunner3/netcore/" className="RomM.Client.Tests.RomMAuthHandlerTests" name="ClientApiToken_attaches_Bearer_Authorization" />
    </UnitTest>
    <UnitTest name="RomM.Client.Tests.OpenApiSnapshotTests.OpenApi_snapshot_file_exists" storage="f:\github\romm\tests\romm.client.tests\bin\release\net10.0\romm.client.tests.dll" id="0cf20b9d-63b5-2645-2ff8-7b965acdf3b8">
      <Execution id="0f24cc53-b337-466c-961d-1b3bd1a4a93a" />
      <TestMethod codeBase="F:\GitHub\RomM\tests\RomM.Client.Tests\bin\Release\net10.0\RomM.Client.Tests.dll" adapterTypeName="executor://xunit/VsTestRunner3/netcore/" className="RomM.Client.Tests.OpenApiSnapshotTests" name="OpenApi_snapshot_file_exists" />
    </UnitTest>
  </TestDefinitions>
  <TestEntries>
    <TestEntry testId="7df0fbd1-13b5-904b-e811-c425ae6a0b58" executionId="7faffe53-e232-4de9-9326-b4a7118b6b8c" testListId="8c84fa94-04c1-424b-9868-57a2d4851a1d" />
    <TestEntry testId="e761ec0c-6034-0b69-1435-06dccb250bec" executionId="6a6ce445-1d1c-436c-bb26-1e9271b83be4" testListId="8c84fa94-04c1-424b-9868-57a2d4851a1d" />
    <TestEntry testId="3fd0ee22-6728-05ef-42df-af1de47b1061" executionId="c3ae93fb-7bfa-4eb4-b5e0-db31eee8d615" testListId="8c84fa94-04c1-424b-9868-57a2d4851a1d" />
    <TestEntry testId="11c41a4f-c2c1-c14a-834e-d221868aac50" executionId="dd85a9d3-032c-4e24-92b7-2fbcf38ef2e6" testListId="8c84fa94-04c1-424b-9868-57a2d4851a1d" />
    <TestEntry testId="0cfd7d28-6208-8120-a4fb-6ff49163aadd" executionId="ac016027-9769-4e56-8a17-60a7061a2073" testListId="8c84fa94-04c1-424b-9868-57a2d4851a1d" />
    <TestEntry testId="abbeb7f1-319b-e626-bcf2-2726e1144c15" executionId="bf569e09-e4cc-462c-a591-1ef578a1d0e5" testListId="8c84fa94-04c1-424b-9868-57a2d4851a1d" />
    <TestEntry testId="cbb0adce-54be-7697-6562-801a14037c0d" executionId="fea99cdd-d80c-4354-8715-115f0fa0dcd5" testListId="8c84fa94-04c1-424b-9868-57a2d4851a1d" />
    <TestEntry testId="41650140-8897-de79-90cf-b7fec7552639" executionId="2a029d31-2bb2-4aa4-8cd6-a1f5782b9b71" testListId="8c84fa94-04c1-424b-9868-57a2d4851a1d" />
    <TestEntry testId="7c573812-09fa-a871-f6ab-c67445674832" executionId="5c0d4d3f-b417-4095-b8fc-9b56c7d83b01" testListId="8c84fa94-04c1-424b-9868-57a2d4851a1d" />
    <TestEntry testId="ca1f86f1-8514-15ee-f26a-2af71938f104" executionId="0086459c-0578-48e2-8477-db0d3dcd966d" testListId="8c84fa94-04c1-424b-9868-57a2d4851a1d" />
    <TestEntry testId="a58f0770-ea18-f648-d614-bf00fed1abe0" executionId="431363b8-ce76-4190-aab9-b84959620de9" testListId="8c84fa94-04c1-424b-9868-57a2d4851a1d" />
    <TestEntry testId="cab53d99-778b-8f9c-22fe-9eca49f35681" executionId="f52fd577-082f-488f-9111-a949a97823d7" testListId="8c84fa94-04c1-424b-9868-57a2d4851a1d" />
    <TestEntry testId="271f0989-4ed3-00aa-4b15-58c029fac441" executionId="a069109a-b444-4f3d-9c56-a2ccc80a164c" testListId="8c84fa94-04c1-424b-9868-57a2d4851a1d" />
    <TestEntry testId="4f9323ac-8348-0112-f75a-660d6e755ab4" executionId="e9124675-17d9-4988-a98a-9659e33d3933" testListId="8c84fa94-04c1-424b-9868-57a2d4851a1d" />
    <TestEntry testId="2f8b26ae-62b8-668b-07f8-e501a5c52d9a" executionId="94d80e96-b38d-4d3b-8d00-bc9524e25c8d" testListId="8c84fa94-04c1-424b-9868-57a2d4851a1d" />
    <TestEntry testId="7d3e8733-b663-67cc-4f55-0bc1bc574227" executionId="0bdc689e-fc43-41fc-9063-16a6170bf44e" testListId="8c84fa94-04c1-424b-9868-57a2d4851a1d" />
    <TestEntry testId="6020f0e6-7af5-1fd3-91e4-28f539975b8a" executionId="809bb7f5-7b07-4cf7-928a-a030be823717" testListId="8c84fa94-04c1-424b-9868-57a2d4851a1d" />
    <TestEntry testId="77082fb8-5fdb-aa16-ef52-1ddc27870671" executionId="33473a19-730e-4093-879a-705f00d6cf8e" testListId="8c84fa94-04c1-424b-9868-57a2d4851a1d" />
    <TestEntry testId="64c0160a-f13c-ff39-1c95-5c484fda45cf" executionId="0804ff98-08e3-4b2a-879e-ee542b9cb041" testListId="8c84fa94-04c1-424b-9868-57a2d4851a1d" />
    <TestEntry testId="dc00959c-3448-b4f8-9bad-42c8fec17993" executionId="f852db0a-7ad8-460b-93bb-d6c0c67224f9" testListId="8c84fa94-04c1-424b-9868-57a2d4851a1d" />
    <TestEntry testId="0cf20b9d-63b5-2645-2ff8-7b965acdf3b8" executionId="0f24cc53-b337-466c-961d-1b3bd1a4a93a" testListId="8c84fa94-04c1-424b-9868-57a2d4851a1d" />
    <TestEntry testId="646ac50d-8b85-75fa-6e1a-0e1210952916" executionId="3fdff5cb-f95a-46b8-ae44-cced192a7f78" testListId="8c84fa94-04c1-424b-9868-57a2d4851a1d" />
    <TestEntry testId="7abb677c-4840-2413-908f-c6a5e239e14a" executionId="758f6854-bc28-4b03-b37b-cdd5fff83f50" testListId="8c84fa94-04c1-424b-9868-57a2d4851a1d" />
    <TestEntry testId="cca9061f-2350-d9e0-7489-1cfca4bea696" executionId="ec663b64-60f5-4c82-a5d6-41e1982b68c9" testListId="8c84fa94-04c1-424b-9868-57a2d4851a1d" />
    <TestEntry testId="198ee733-ca1e-6891-8b8a-b2567566f718" executionId="2677542b-7d00-4528-bd15-8491cc3098ed" testListId="8c84fa94-04c1-424b-9868-57a2d4851a1d" />
    <TestEntry testId="aff07656-351f-304c-2570-46facbf848b8" executionId="9b7ea916-55ac-43d5-b98a-d41802214ca2" testListId="8c84fa94-04c1-424b-9868-57a2d4851a1d" />
    <TestEntry testId="e291397b-ec5c-2c82-8634-5221bfe87479" executionId="0362f1ac-64d2-4678-a589-39a238640acc" testListId="8c84fa94-04c1-424b-9868-57a2d4851a1d" />
    <TestEntry testId="8885f119-3620-ab4e-8187-6241258ff743" executionId="0f42581f-c384-4fd1-9c84-b44b9c3cca9e" testListId="8c84fa94-04c1-424b-9868-57a2d4851a1d" />
    <TestEntry testId="4e6c0451-7c16-ba88-b7ec-a576c21b51c1" executionId="bc7b1d00-a690-4b5b-bede-3b5761b7fbfe" testListId="8c84fa94-04c1-424b-9868-57a2d4851a1d" />
    <TestEntry testId="a1f716a5-f1c9-cf69-63a7-7446a7602535" executionId="20e66c91-f712-42f1-983c-0a3f908a0fdf" testListId="8c84fa94-04c1-424b-9868-57a2d4851a1d" />
    <TestEntry testId="202fcb21-c987-9c7e-2170-05364cdbf495" executionId="1f57c2c6-0466-4b86-8b0a-21b6bbd24a5e" testListId="8c84fa94-04c1-424b-9868-57a2d4851a1d" />
    <TestEntry testId="ef663119-7730-593e-e1fb-9ad8c6bca612" executionId="9a8f8fb0-c59f-4af1-aa18-441484e18e57" testListId="8c84fa94-04c1-424b-9868-57a2d4851a1d" />
    <TestEntry testId="5faa81d5-7ec0-9db9-956b-48dc6f211ac3" executionId="8f69e0b8-2abb-4e85-8036-3eef1fe73ec8" testListId="8c84fa94-04c1-424b-9868-57a2d4851a1d" />
    <TestEntry testId="eac8340a-58ba-08fa-3790-92e2c5614e8f" executionId="ab733755-8f8e-43e4-9022-cc4c58adb754" testListId="8c84fa94-04c1-424b-9868-57a2d4851a1d" />
    <TestEntry testId="14fae250-4f34-2b6a-6197-91dca59d5b59" executionId="2107f4fb-b708-4592-b26e-1e7fbc9f9516" testListId="8c84fa94-04c1-424b-9868-57a2d4851a1d" />
    <TestEntry testId="a77fb601-c893-c005-a183-15b20b67de51" executionId="2351ce6f-3862-44fd-ae6a-65ea6a99cf7b" testListId="8c84fa94-04c1-424b-9868-57a2d4851a1d" />
    <TestEntry testId="d258e795-f9e1-65e0-4054-42ea32f4319d" executionId="47863881-02c3-4c6a-9703-57704713a2ac" testListId="8c84fa94-04c1-424b-9868-57a2d4851a1d" />
    <TestEntry testId="bca5fe18-c232-a97a-dd14-20c61833177c" executionId="686bf874-408a-4aff-9d65-6dd01bc22a12" testListId="8c84fa94-04c1-424b-9868-57a2d4851a1d" />
    <TestEntry testId="f6519dd6-540d-8a55-c14b-3fec552d33b0" executionId="08c05aed-3a53-4361-86e4-ef613fbffd28" testListId="8c84fa94-04c1-424b-9868-57a2d4851a1d" />
    <TestEntry testId="14f614e6-ce92-54c6-ca9f-9d4ddbdc7cfd" executionId="c66d92c4-34f1-42e3-8f2c-a0295ce1cace" testListId="8c84fa94-04c1-424b-9868-57a2d4851a1d" />
    <TestEntry testId="e6d01e26-1353-7187-12b9-70d1e8e52055" executionId="6d11d9e9-e3a4-4fd0-b532-dc373f4de707" testListId="8c84fa94-04c1-424b-9868-57a2d4851a1d" />
    <TestEntry testId="5fdef6ad-4558-dc9f-8b3d-95aa79defca3" executionId="af645519-1c79-4f34-8217-b56694afd57b" testListId="8c84fa94-04c1-424b-9868-57a2d4851a1d" />
    <TestEntry testId="5e9a813e-bb02-a670-23a5-a9af21b95c10" executionId="7d060681-2d1e-48d2-9ecc-8e5a88c4f44f" testListId="8c84fa94-04c1-424b-9868-57a2d4851a1d" />
    <TestEntry testId="c6f94a02-a424-8ed4-ea52-25c9e342868b" executionId="bea05bd7-1c4a-4e25-a9c6-172ddca5ea55" testListId="8c84fa94-04c1-424b-9868-57a2d4851a1d" />
    <TestEntry testId="c108187f-b38f-f5b6-1ba1-1cb53f731316" executionId="6d414cd4-6fc2-4173-abf5-12bce39618ef" testListId="8c84fa94-04c1-424b-9868-57a2d4851a1d" />
    <TestEntry testId="66ce23ea-70ae-b3ec-8c07-0e64cd589b40" executionId="1119a8da-a849-4b8b-b49c-6ad2fb55567a" testListId="8c84fa94-04c1-424b-9868-57a2d4851a1d" />
    <TestEntry testId="f550a624-c01b-1c0b-843e-eb95533c2f7d" executionId="7a499aa9-ae77-4b1b-bafb-dd74dabe68b9" testListId="8c84fa94-04c1-424b-9868-57a2d4851a1d" />
    <TestEntry testId="f610abda-5016-d935-7693-fd5f5f97291f" executionId="77c30637-d74e-473d-a050-e1426dec5443" testListId="8c84fa94-04c1-424b-9868-57a2d4851a1d" />
    <TestEntry testId="8e1673ef-6d8a-da1c-7538-54aedf9c3e7b" executionId="bcdbfd68-38ef-44fb-baae-46751a72e505" testListId="8c84fa94-04c1-424b-9868-57a2d4851a1d" />
    <TestEntry testId="b2855893-95a7-5166-7859-75150f42f6b6" executionId="ffbbf55e-8aff-4332-8a87-1879993f02bd" testListId="8c84fa94-04c1-424b-9868-57a2d4851a1d" />
    <TestEntry testId="6c21bf8e-0167-9bbc-c6f5-72ad344ccae5" executionId="d51c9f5e-4860-48c3-ac08-13e4c542ef8d" testListId="8c84fa94-04c1-424b-9868-57a2d4851a1d" />
    <TestEntry testId="bd25e882-4a14-89c1-9eaa-ca5666c469a2" executionId="4fee31bf-30d2-43c9-8742-4513b284ed5f" testListId="8c84fa94-04c1-424b-9868-57a2d4851a1d" />
    <TestEntry testId="a03d8df2-a338-61e3-84a9-d49273ca4fcc" executionId="4bdf6dd7-4a33-43ee-8b68-227d6cf25844" testListId="8c84fa94-04c1-424b-9868-57a2d4851a1d" />
  </TestEntries>
  <TestLists>
    <TestList name="Results Not in a List" id="8c84fa94-04c1-424b-9868-57a2d4851a1d" />
    <TestList name="All Loaded Results" id="19431567-8539-422a-85d7-44ee4e166bda" />
  </TestLists>
  <ResultSummary outcome="Completed">
    <Counters total="53" executed="53" passed="53" failed="0" error="0" timeout="0" aborted="0" inconclusive="0" passedButRunAborted="0" notRunnable="0" notExecuted="0" disconnected="0" warning="0" completed="0" inProgress="0" pending="0" />
    <Output>
      <StdOut>[xUnit.net 00:00:00.00] xUnit.net VSTest Adapter v3.1.4+50e68bbb8b (64-bit .NET 10.0.12)&#xD;
[xUnit.net 00:00:00.10]   Discovering: RomM.Client.Tests&#xD;
[xUnit.net 00:00:00.15]   Discovered:  RomM.Client.Tests&#xD;
[xUnit.net 00:00:00.17]   Starting:    RomM.Client.Tests&#xD;
[xUnit.net 00:00:01.35]   Finished:    RomM.Client.Tests&#xD;
</StdOut>
    </Output>
  </ResultSummary>
</TestRun>